Archive member included to satisfy reference by file (symbol)

/usr/lib/gcc/i686-pc-cygwin/4.8.3/../../../libpthread.a(t-d001470.o)
                              main.o (pthread_exit)
/usr/lib/gcc/i686-pc-cygwin/4.8.3/../../../libpthread.a(t-d001510.o)
                              main.o (pthread_self)
/usr/lib/gcc/i686-pc-cygwin/4.8.3/../../../libpthread.a(t-d001443.o)
                              main.o (pthread_attr_init)
/usr/lib/gcc/i686-pc-cygwin/4.8.3/../../../libpthread.a(t-d001467.o)
                              main.o (pthread_create)
/usr/lib/gcc/i686-pc-cygwin/4.8.3/../../../libpthread.a(t-d001477.o)
                              main.o (pthread_join)
/usr/lib/gcc/i686-pc-cygwin/4.8.3/../../../libpthread.a(t-d000061.o)
                              ./mqtt-paho/Log.o (__getreent)
/usr/lib/gcc/i686-pc-cygwin/4.8.3/../../../libpthread.a(t-d001493.o)
                              ./mqtt-paho/MQTTAsync.o (pthread_mutexattr_init)
/usr/lib/gcc/i686-pc-cygwin/4.8.3/../../../libpthread.a(t-d001497.o)
                              ./mqtt-paho/MQTTAsync.o (pthread_mutexattr_settype)
/usr/lib/gcc/i686-pc-cygwin/4.8.3/../../../libpthread.a(t-d001483.o)
                              ./mqtt-paho/MQTTAsync.o (pthread_mutex_init)
/usr/lib/gcc/i686-pc-cygwin/4.8.3/../../../libpthread.a(t-d001456.o)
                              ./mqtt-paho/MQTTAsync.o (pthread_cond_init)
/usr/lib/gcc/i686-pc-cygwin/4.8.3/../../../libpthread.a(t-d001444.o)
                              ./mqtt-paho/Thread.o (pthread_attr_setdetachstate)
/usr/lib/gcc/i686-pc-cygwin/4.8.3/../../../libpthread.a(t-d001433.o)
                              ./mqtt-paho/Thread.o (pthread_attr_destroy)
/usr/lib/gcc/i686-pc-cygwin/4.8.3/../../../libpthread.a(t-d001484.o)
                              ./mqtt-paho/Thread.o (pthread_mutex_lock)
/usr/lib/gcc/i686-pc-cygwin/4.8.3/../../../libpthread.a(t-d001487.o)
                              ./mqtt-paho/Thread.o (pthread_mutex_unlock)
/usr/lib/gcc/i686-pc-cygwin/4.8.3/../../../libpthread.a(t-d001481.o)
                              ./mqtt-paho/Thread.o (pthread_mutex_destroy)
/usr/lib/gcc/i686-pc-cygwin/4.8.3/../../../libpthread.a(t-d001628.o)
                              ./mqtt-paho/Thread.o (sem_init)
/usr/lib/gcc/i686-pc-cygwin/4.8.3/../../../libpthread.a(t-d001632.o)
                              ./mqtt-paho/Thread.o (sem_trywait)
/usr/lib/gcc/i686-pc-cygwin/4.8.3/../../../libpthread.a(t-d001627.o)
                              ./mqtt-paho/Thread.o (sem_getvalue)
/usr/lib/gcc/i686-pc-cygwin/4.8.3/../../../libpthread.a(t-d001630.o)
                              ./mqtt-paho/Thread.o (sem_post)
/usr/lib/gcc/i686-pc-cygwin/4.8.3/../../../libpthread.a(t-d001626.o)
                              ./mqtt-paho/Thread.o (sem_destroy)
/usr/lib/gcc/i686-pc-cygwin/4.8.3/../../../libpthread.a(t-d001463.o)
                              ./mqtt-paho/Thread.o (pthread_condattr_init)
/usr/lib/gcc/i686-pc-cygwin/4.8.3/../../../libpthread.a(t-d001457.o)
                              ./mqtt-paho/Thread.o (pthread_cond_signal)
/usr/lib/gcc/i686-pc-cygwin/4.8.3/../../../libpthread.a(t-d001458.o)
                              ./mqtt-paho/Thread.o (pthread_cond_timedwait)
/usr/lib/gcc/i686-pc-cygwin/4.8.3/../../../libpthread.a(t-d001455.o)
                              ./mqtt-paho/Thread.o (pthread_cond_destroy)
/usr/lib/gcc/i686-pc-cygwin/4.8.3/libgcc.a(_chkstk_ms.o)
                              mqtt-handler.o (__chkstk_ms)
/usr/lib/gcc/i686-pc-cygwin/4.8.3/../../../libcygwin.a(cygwin_crt0.o)
                              /usr/lib/gcc/i686-pc-cygwin/4.8.3/../../../crt0.o (cygwin_crt0)
/usr/lib/gcc/i686-pc-cygwin/4.8.3/../../../libcygwin.a(premain0.o)
                              /usr/lib/gcc/i686-pc-cygwin/4.8.3/../../../crt0.o (cygwin_premain0)
/usr/lib/gcc/i686-pc-cygwin/4.8.3/../../../libcygwin.a(premain1.o)
                              /usr/lib/gcc/i686-pc-cygwin/4.8.3/../../../crt0.o (cygwin_premain1)
/usr/lib/gcc/i686-pc-cygwin/4.8.3/../../../libcygwin.a(premain2.o)
                              /usr/lib/gcc/i686-pc-cygwin/4.8.3/../../../crt0.o (cygwin_premain2)
/usr/lib/gcc/i686-pc-cygwin/4.8.3/../../../libcygwin.a(premain3.o)
                              /usr/lib/gcc/i686-pc-cygwin/4.8.3/../../../crt0.o (cygwin_premain3)
/usr/lib/gcc/i686-pc-cygwin/4.8.3/../../../libcygwin.a(t-d000725.o)
                              /usr/lib/gcc/i686-pc-cygwin/4.8.3/crtbegin.o (atexit)
/usr/lib/gcc/i686-pc-cygwin/4.8.3/../../../libcygwin.a(t-d000068.o)
                              main.o (__main)
/usr/lib/gcc/i686-pc-cygwin/4.8.3/../../../libcygwin.a(t-d001867.o)
                              main.o (usleep)
/usr/lib/gcc/i686-pc-cygwin/4.8.3/../../../libcygwin.a(t-d001426.o)
                              main.o (printf)
/usr/lib/gcc/i686-pc-cygwin/4.8.3/../../../libcygwin.a(t-d000925.o)
                              main.o (exit)
/usr/lib/gcc/i686-pc-cygwin/4.8.3/../../../libcygwin.a(t-d001705.o)
[...]
Memory Configuration

Name             Origin             Length             Attributes
*default*        0x00000000         0xffffffff

Linker script and memory map

                0x00400000                __image_base__ = 0x400000
                0x00000000                __dll__ = 0x0
                0x00400000                ___ImageBase = 0x400000
                0x00001000                __section_alignment__ = 0x1000
                0x00000200                __file_alignment__ = 0x200
                0x00000004                __major_os_version__ = 0x4
                0x00000000                __minor_os_version__ = 0x0
                0x00000001                __major_image_version__ = 0x1
                0x00000000                __minor_image_version__ = 0x0
                0x00000004                __major_subsystem_version__ = 0x4
                0x00000000                __minor_subsystem_version__ = 0x0
                0x00000003                __subsystem__ = 0x3
                0x00200000                __size_of_stack_reserve__ = 0x200000
                0x00001000                __size_of_stack_commit__ = 0x1000
                0x00100000                __size_of_heap_reserve__ = 0x100000
                0x00001000                __size_of_heap_commit__ = 0x1000
                0x00000000                __loader_flags__ = 0x0
                0x00008000                __dll_characteristics__ = 0x8000
LOAD /usr/lib/gcc/i686-pc-cygwin/4.8.3/../../../crt0.o
LOAD /usr/lib/gcc/i686-pc-cygwin/4.8.3/crtbegin.o
LOAD arduino-ing.o
LOAD main.o
LOAD mqtt-handler.o
LOAD thyme-client.o
LOAD thyme-payload.o
LOAD thyme-resource.o
LOAD ./mqtt-paho/Base64.o
LOAD ./mqtt-paho/Clients.o
LOAD ./mqtt-paho/Heap.o
LOAD ./mqtt-paho/LinkedList.o
LOAD ./mqtt-paho/Log.o
LOAD ./mqtt-paho/MQTTAsync.o
LOAD ./mqtt-paho/MQTTClient.o
LOAD ./mqtt-paho/MQTTPacket.o
LOAD ./mqtt-paho/MQTTPacketOut.o
LOAD ./mqtt-paho/MQTTPersistence.o
LOAD ./mqtt-paho/MQTTPersistenceDefault.o
LOAD ./mqtt-paho/MQTTProperties.o
LOAD ./mqtt-paho/MQTTProtocolClient.o
LOAD ./mqtt-paho/MQTTProtocolOut.o
LOAD ./mqtt-paho/MQTTReasonCodes.o
LOAD ./mqtt-paho/MQTTTime.o
LOAD ./mqtt-paho/MQTTVersion.o
LOAD ./mqtt-paho/Messages.o
LOAD ./mqtt-paho/OsWrapper.o
LOAD ./mqtt-paho/SHA1.o
LOAD ./mqtt-paho/SSLSocket.o
LOAD ./mqtt-paho/Socket.o
LOAD ./mqtt-paho/SocketBuffer.o
LOAD ./mqtt-paho/StackTrace.o
LOAD ./mqtt-paho/Thread.o
LOAD ./mqtt-paho/Tree.o
LOAD ./mqtt-paho/WebSocket.o
LOAD ./mqtt-paho/utf-8.o
LOAD ./cJSON/cJSON.o
LOAD ./debug/dbg-log.o
LOAD ./config/config.o
LOAD ./timer/timer.o
LOAD ./event/event.o
LOAD ./state/state.o
LOAD ./tas-ble/ble-app.o
LOAD ./tas-ble/ble-tas.o
LOAD ./tas-zigbee/zigbee-app.o
LOAD ./tas-zigbee/zigbee-tas.o
LOAD ./tas-zwave/zwave-app.o
LOAD ./tas-zwave/zwave-tas.o
LOAD ./cli/cli-menu.o
LOAD /usr/lib/gcc/i686-pc-cygwin/4.8.3/../../../libpthread.a
LOAD /usr/lib/gcc/i686-pc-cygwin/4.8.3/../../../librt.a
LOAD /usr/lib/gcc/i686-pc-cygwin/4.8.3/libgcc_s.dll.a
LOAD /usr/lib/gcc/i686-pc-cygwin/4.8.3/libgcc.a
LOAD /usr/lib/gcc/i686-pc-cygwin/4.8.3/../../../libcygwin.a
LOAD /usr/lib/w32api/libadvapi32.a
LOAD /usr/lib/w32api/libshell32.a
LOAD /usr/lib/w32api/libuser32.a
LOAD /usr/lib/w32api/libkernel32.a
LOAD /usr/lib/gcc/i686-pc-cygwin/4.8.3/libgcc_s.dll.a
LOAD /usr/lib/gcc/i686-pc-cygwin/4.8.3/libgcc.a
LOAD /usr/lib/gcc/i686-pc-cygwin/4.8.3/../../../default-manifest.o
LOAD /usr/lib/gcc/i686-pc-cygwin/4.8.3/crtend.o
                0x00000448                . = SIZEOF_HEADERS
                0x00001000                . = ALIGN (__section_alignment__)

.text           0x00401000    0x1f600
 *(.init)
 *(.text)
 .text          0x00401000       0x90 /usr/lib/gcc/i686-pc-cygwin/4.8.3/../../../crt0.o
                0x00401000                WinMainCRTStartup
                0x00401000                mainCRTStartup
 .text          0x00401090      0x120 /usr/lib/gcc/i686-pc-cygwin/4.8.3/crtbegin.o
                0x00401090                __gcc_register_frame
                0x00401180                __gcc_deregister_frame
 .text          0x004011b0        0x0 arduino-ing.o
 .text          0x004011b0       0xc0 main.o
 .text          0x00401270      0x960 mqtt-handler.o
                0x00401400                mqtt_create
                0x004014e0                mqtt_setcb
                0x00401600                mqtt_subscribe
                0x004016c0                mqtt_subscribe_array
                0x004017b0                mqtt_publish
                0x004018d0                mqtt_disconnect
                0x004019a0                mqtt_distory
                0x00401a00                mqtt_connect
                0x00401bb0                mqtt_isconnected
 .text          0x00401bd0      0x960 thyme-client.o
                0x00401bd0                test
                0x004024a0                thyme_destroy
                0x004024b0                thyme_main_proc
 .text          0x00402530      0x570 thyme-payload.o
                0x004025c0                payload_ae
                0x00402740                payload_cnt
                0x00402840                payload_sub_del
                0x00402920                payload_sub_create
                0x00402a20                payload_cin
 .text          0x00402aa0      0x980 thyme-resource.o
                0x00402aa0                res_ae_add
                0x00402ba0                res_cnt_add
                0x00402c60                res_sub_add
                0x00402d20                res_ae_read
                0x00402ef0                res_cnt_read
                0x004030c0                res_sub_read
                0x00403290                res_init
 .text          0x00403420      0x2a0 ./mqtt-paho/Base64.o
                0x00403420                Base64_decode
                0x00403520                Base64_encode
                0x00403650                Base64_decodeLength
                0x004036a0                Base64_encodeLength
 .text          0x004036c0       0x50 ./mqtt-paho/Clients.o
                0x004036c0                clientIDCompare
                0x004036f0                clientSocketCompare
 .text          0x00403710      0x990 ./mqtt-paho/Heap.o
                0x004038f0                mymalloc
                0x00403ad0                myfree
                0x00403b50                Heap_unlink
                0x00403b90                myrealloc
                0x00403d30                Heap_findItem
                0x00403d80                Heap_initialize
                0x00403db0                Heap_terminate
                0x00403f00                Heap_get_info
                0x00403f10                HeapDumpString
                0x00403fe0                HeapDump
 .text          0x004040a0      0x6c0 ./mqtt-paho/LinkedList.o
                0x004040a0                ListZero
                0x004040d0                ListInitialize
                0x00404120                ListAppendNoMalloc
                0x00404170                ListAppend
                0x004041d0                ListInsert
                0x00404270                ListFindItem
                0x00404300                ListFind
                0x00404420                ListDetach
                0x00404440                ListRemove
                0x00404460                ListDetachHead
                0x004044e0                ListRemoveHead
                0x00404510                ListPopTail
                0x00404580                ListDetachItem
                0x004045a0                ListRemoveItem
                0x004045c0                ListEmpty
                0x00404650                ListFree
                0x00404680                ListFreeNoContent
                0x004046d0                ListNextElement
                0x004046f0                ListPrevElement
                0x00404710                intcompare
                0x00404730                stringcompare
 .text          0x00404760      0xae0 ./mqtt-paho/Log.o
                0x00404bd0                Log_initialize
                0x00404f80                Log_setTraceCallback
                0x00404f90                Log_setTraceLevel
                0x00404fb0                Log_terminate
                0x00405070                Log
                0x00405150                Log_stackTrace
 .text          0x00405240     0x82f0 ./mqtt-paho/MQTTAsync.o
                0x00406b20                MQTTAsync_init_rand
                0x00406b40                MQTTAsync_init
                0x00406c50                MQTTAsync_global_init
                0x00406c60                MQTTAsync_sleep
                0x00406cc0                MQTTAsync_randomJitter
                0x00408dc0                MQTTAsync_createWithOptions
                0x00409aa0                MQTTAsync_create
                0x00409ae0                MQTTAsync_reconnect
                0x00409c60                MQTTAsync_destroy
                0x0040a130                MQTTAsync_freeMessage
                0x0040a1d0                MQTTAsync_free
                0x0040a240                MQTTAsync_setCallbacks
                0x0040a300                MQTTAsync_setConnectionLostCallback
                0x0040a3a0                MQTTAsync_setMessageArrivedCallback
                0x0040a440                MQTTAsync_setDeliveryCompleteCallback
                0x0040a4e0                MQTTAsync_setDisconnected
                0x0040a580                MQTTAsync_setConnected
                0x0040a620                Protocol_processPublication
                0x0040a930                MQTTAsync_connect
                0x0040b280                MQTTProtocol_closeSession
                0x0040b290                MQTTAsync_disconnect
                0x0040c2a0                MQTTAsync_isConnected
                0x0040c330                MQTTAsync_subscribeMany
                0x0040c750                MQTTAsync_subscribe
                0x0040c7e0                MQTTAsync_unsubscribeMany
                0x0040cab0                MQTTAsync_unsubscribe
                0x0040cb30                MQTTAsync_send
                0x0040ce80                MQTTAsync_sendMessage
                0x0040cf90                MQTTAsync_getPendingTokens
                0x0040d150                MQTTAsync_isComplete
                0x0040d270                MQTTAsync_waitForCompletion
                0x0040d3b0                MQTTAsync_setTraceLevel
                0x0040d3c0                MQTTAsync_setTraceCallback
                0x0040d3d0                MQTTAsync_getVersionInfo
                0x0040d430                MQTTAsync_strerror
 .text          0x0040d530        0x0 ./mqtt-paho/MQTTClient.o
 .text          0x0040d530     0x1c30 ./mqtt-paho/MQTTPacket.o
                0x0040d530                MQTTPacket_header_only
                0x0040d540                bufchar
                0x0040d640                MQTTPacket_publish
                0x0040d850                MQTTPacket_ack
                0x0040d9a0                MQTTPacket_name
                0x0040d9c0                MQTTPacket_encode
                0x0040da70                MQTTPacket_send
                0x0040dd50                MQTTPacket_sends
                0x0040df40                MQTTPacket_decode
                0x0040dff0                MQTTPacket_Factory
                0x0040e260                readInt
                0x0040e280                readUTF
                0x0040e2a0                readChar
                0x0040e2b0                writeChar
                0x0040e2c0                writeInt
                0x0040e300                writeUTF
                0x0040e370                writeData
                0x0040e3d0                MQTTPacket_send_disconnect
                0x0040e590                MQTTPacket_freePublish
                0x0040e630                MQTTPacket_freeAck
                0x0040e6b0                MQTTPacket_send_puback
                0x0040e760                MQTTPacket_freeSuback
                0x0040e7f0                MQTTPacket_freeUnsuback
                0x0040e880                MQTTPacket_send_pubrec
                0x0040e930                MQTTPacket_send_pubrel
                0x0040e9e0                MQTTPacket_send_pubcomp
                0x0040ea90                MQTTPacket_send_publish
                0x0040eec0                MQTTPacket_free_packet
                0x0040ef40                writeInt4
                0x0040efd0                readInt4
                0x0040f000                writeMQTTLenString
                0x0040f060                MQTTLenStringRead
                0x0040f0b0                MQTTPacket_VBIlen
                0x0040f0e0                MQTTPacket_VBIdecode
                0x0040f140                MQTTPacket_decodeBuf
 .text          0x0040f160      0xf30 ./mqtt-paho/MQTTPacketOut.o
                0x0040f160                MQTTPacket_send_connect
                0x0040f510                MQTTPacket_connack
                0x0040f660                MQTTPacket_freeConnack
                0x0040f6e0                MQTTPacket_send_pingreq
                0x0040f7a0                MQTTPacket_send_subscribe
                0x0040fa20                MQTTPacket_suback
                0x0040fc60                MQTTPacket_send_unsubscribe
                0x0040fe60                MQTTPacket_unsuback
 .text          0x00410090     0x1ad0 ./mqtt-paho/MQTTPersistence.o
                0x00410090                MQTTPersistence_create
                0x00410270                MQTTPersistence_close
                0x00410320                MQTTPersistence_clear
                0x00410390                MQTTPersistence_restorePacket
                0x00410460                MQTTPersistence_insertInOrder
                0x00410510                MQTTPersistence_put
                0x004107d0                MQTTPersistence_remove
                0x004109d0                MQTTPersistence_wrapMsgID
                0x00410ad0                MQTTPersistence_restore
                0x00411160                MQTTPersistence_initialize
                0x00411200                MQTTPersistence_unpersistQueueEntry
                0x004112f0                MQTTPersistence_persistQueueEntry
                0x00411570                MQTTPersistence_restoreMessageQueue
 .text          0x00411b60     0x1150 ./mqtt-paho/MQTTPersistenceDefault.o
                0x00411b60                pstmkdir
                0x00411bf0                pstopen
                0x00411f60                pstget
                0x00412140                pstremove
                0x00412250                pstput
                0x00412410                pstclose
                0x004124c0                containskeyUnix
                0x004126a0                pstcontainskey
                0x00412720                clearUnix
                0x00412810                pstclear
                0x00412890                keysUnix
                0x00412c20                pstkeys
 .text          0x00412cb0      0xb90 ./mqtt-paho/MQTTProperties.o
                0x00412d00                MQTTProperty_getType
                0x00412d40                MQTTProperties_len
                0x00412d70                MQTTProperties_add
                0x00412f20                MQTTProperty_write
                0x00413060                MQTTProperties_write
                0x00413100                MQTTProperty_read
                0x00413240                MQTTProperties_read
                0x004133d0                MQTTPropertyName
                0x00413410                MQTTProperties_free
                0x00413550                MQTTProperties_copy
                0x00413640                MQTTProperties_hasProperty
                0x00413680                MQTTProperties_propertyCount
                0x004136c0                MQTTProperties_getNumericValueAt
                0x00413780                MQTTProperties_getNumericValue
                0x004137b0                MQTTProperties_getPropertyAt
                0x00413800                MQTTProperties_getProperty
 .text          0x00413840     0x1f20 ./mqtt-paho/MQTTProtocolClient.o
                0x00413840                messageIDCompare
                0x00413860                MQTTProtocol_assignMsgId
                0x00413930                MQTTProtocol_storePublication
                0x00413b80                MQTTProtocol_createMessage
                0x00413d40                MQTTProtocol_startPublish
                0x00413f20                MQTTProtocol_removePublication
                0x00413fc0                MQTTProtocol_handlePublishes
                0x004143b0                MQTTProtocol_handlePubacks
                0x004145d0                MQTTProtocol_handlePubrecs
                0x004148a0                MQTTProtocol_handlePubrels
                0x00414c00                MQTTProtocol_handlePubcomps
                0x00414e70                MQTTProtocol_keepalive
                0x00415040                MQTTProtocol_retry
                0x00415410                MQTTProtocol_emptyMessageList
                0x004154b0                MQTTProtocol_freeMessageList
                0x00415510                MQTTProtocol_freeClient
                0x00415640                MQTTStrncpy
                0x00415710                MQTTStrdup
 .text          0x00415760      0x830 ./mqtt-paho/MQTTProtocolOut.o
                0x00415760                MQTTProtocol_addressPort
                0x00415850                MQTTProtocol_specialChars
                0x00415900                MQTTProtocol_connect
                0x00415c30                MQTTProtocol_handlePingresps
                0x00415ce0                MQTTProtocol_subscribe
                0x00415d80                MQTTProtocol_handleSubacks
                0x00415e40                MQTTProtocol_unsubscribe
                0x00415ed0                MQTTProtocol_handleUnsubacks
 .text          0x00415f90       0x40 ./mqtt-paho/MQTTReasonCodes.o
                0x00415f90                MQTTReasonCode_toString
 .text          0x00415fd0      0x170 ./mqtt-paho/MQTTTime.o
                0x00415fd0                MQTTTime_sleep
                0x00416030                MQTTTime_start_clock
                0x00416080                MQTTTime_now
                0x00416090                MQTTTime_elapsed
                0x00416100                MQTTTime_difftime
 .text          0x00416140        0x0 ./mqtt-paho/MQTTVersion.o
 .text          0x00416140       0x30 ./mqtt-paho/Messages.o
                0x00416140                Messages_get
 .text          0x00416170        0x0 ./mqtt-paho/OsWrapper.o
 .text          0x00416170      0x370 ./mqtt-paho/SHA1.o
                0x00416330                SHA1_Init
                0x00416380                SHA1_Update
                0x004163f0                SHA1_Final
 .text          0x004164e0        0x0 ./mqtt-paho/SSLSocket.o
 .text          0x004164e0     0x1b90 ./mqtt-paho/Socket.o
                0x004164e0                Socket_setnonblocking
                0x00416570                Socket_error
                0x00416600                Socket_outInitialize
                0x004166d0                Socket_outTerminate
                0x00416750                Socket_addSocket
                0x00416910                isReady
                0x00416a30                Socket_getch
                0x00416b40                Socket_getdata
                0x00416c60                Socket_noPendingWrites
                0x00416ca0                Socket_writev
                0x00416d40                Socket_putdatas
                0x00417010                Socket_addPendingWrite
                0x00417030                Socket_clearPendingWrite
                0x00417060                Socket_close_only
                0x00417140                Socket_setWriteCompleteCallback
                0x00417150                Socket_continueWrite
                0x004173b0                Socket_abortWrite
                0x00417480                Socket_close
                0x00417670                Socket_new
                0x00417af0                Socket_continueWrites
                0x00417c80                Socket_getReadySocket
                0x00417f80                Socket_getaddrname
                0x00418010                Socket_getpeer
 .text          0x00418070      0xa60 ./mqtt-paho/SocketBuffer.o
                0x00418070                socketcompare
                0x00418090                pending_socketcompare
                0x004180b0                SocketBuffer_newDefQ
                0x00418140                SocketBuffer_initialize
                0x004181d0                SocketBuffer_freeDefQ
                0x00418220                SocketBuffer_terminate
                0x004182e0                SocketBuffer_cleanup
                0x004183e0                SocketBuffer_getQueuedData
                0x00418500                SocketBuffer_getQueuedChar
                0x00418600                SocketBuffer_interrupted
                0x004186c0                SocketBuffer_complete
                0x00418780                SocketBuffer_queueChar
                0x004188d0                SocketBuffer_pendingWrite
                0x004189d0                SocketBuffer_getWrite
                0x00418a10                SocketBuffer_writeComplete
                0x00418a40                SocketBuffer_updateWrite
 .text          0x00418ad0      0x520 ./mqtt-paho/StackTrace.o
                0x00418ad0                setStack
                0x00418b90                StackTrace_entry
                0x00418c70                StackTrace_exit
                0x00418dd0                StackTrace_printStack
                0x00418ef0                StackTrace_get
 .text          0x00418ff0      0x620 ./mqtt-paho/Thread.o
                0x00418ff0                Thread_start
                0x004190a0                Thread_create_mutex
                0x00419120                Thread_lock_mutex
                0x00419130                Thread_unlock_mutex
                0x00419140                Thread_destroy_mutex
                0x004191b0                Thread_getid
                0x004191c0                Thread_create_sem
                0x00419240                Thread_wait_sem
                0x00419300                Thread_check_sem
                0x00419320                Thread_post_sem
                0x004193b0                Thread_destroy_sem
                0x00419420                Thread_create_cond
                0x004194c0                Thread_signal_cond
                0x00419540                Thread_wait_cond
                0x004195e0                Thread_destroy_cond
 .text          0x00419610      0xc80 ./mqtt-paho/Tree.o
                0x00419610                TreeInitializeNoMalloc
                0x00419690                TreeInitialize
                0x00419730                TreeAddIndex
                0x00419750                TreeFree
                0x00419790                isRed
                0x004197b0                isBlack
                0x004197d0                TreeRotate
                0x00419840                TreeBAASub
                0x004198f0                TreeBalanceAfterAdd
                0x00419960                TreeAddByIndex
                0x00419b10                TreeAdd
                0x00419b60                TreeFindIndex1
                0x00419bc0                TreeFindIndex
                0x00419c20                TreeFindContentIndex
                0x00419c80                TreeFind
                0x00419ce0                TreeMinimum
                0x00419d00                TreeSuccessor
                0x00419d50                TreeNextElementIndex
                0x00419d80                TreeNextElement
                0x00419db0                TreeBARSub
                0x00419ed0                TreeBalanceAfterRemove
                0x00419f60                TreeRemoveNodeIndex
                0x0041a0c0                TreeRemoveIndex
                0x0041a130                TreeRemove
                0x0041a170                TreeRemoveKeyIndex
                0x0041a210                TreeRemoveKey
                0x0041a240                TreeIntCompare
                0x0041a260                TreePtrCompare
                0x0041a280                TreeStringCompare
 .text          0x0041a290     0x1d90 ./mqtt-paho/WebSocket.o
                0x0041a970                uuid_generate
                0x0041a9e0                uuid_unparse
                0x0041aa40                WebSocket_calculateFrameHeaderSize
                0x0041aa90                WebSocket_connect
                0x0041ae50                WebSocket_close
                0x0041b4d0                WebSocket_getch
                0x0041b5c0                WebSocket_getdata
                0x0041b7b0                WebSocket_putdatas
                0x0041b880                WebSocket_terminate
                0x0041b9a0                WebSocket_upgrade
                0x0041bdc0                WebSocket_proxy_connect
 .text          0x0041c020      0x1d0 ./mqtt-paho/utf-8.o
                0x0041c0b0                UTF8_validate
                0x0041c170                UTF8_validateString
 .text          0x0041c1f0     0x2760 ./cJSON/cJSON.o
                0x0041d0f0                cJSON_GetErrorPtr
                0x0041d100                cJSON_Version
                0x0041d140                cJSON_InitHooks
                0x0041d1c0                cJSON_Delete
                0x0041d700                cJSON_SetNumberHelper
                0x0041d760                cJSON_ParseWithOpts
                0x0041d880                cJSON_Parse
                0x0041d8b0                cJSON_Print
                0x0041d8c0                cJSON_PrintUnformatted
                0x0041d8d0                cJSON_PrintBuffered
                0x0041d980                cJSON_PrintPreallocated
                0x0041da00                cJSON_GetArraySize
                0x0041da30                cJSON_GetArrayItem
                0x0041da70                cJSON_GetObjectItem
                0x0041da80                cJSON_GetObjectItemCaseSensitive
                0x0041daa0                cJSON_HasObjectItem
                0x0041dac0                cJSON_AddItemToArray
                0x0041dae0                cJSON_AddItemToObjectCS
                0x0041db40                cJSON_AddItemToObject
                0x0041db80                cJSON_AddItemReferenceToArray
                0x0041dbb0                cJSON_AddItemReferenceToObject
                0x0041dbf0                cJSON_DetachItemViaPointer
                0x0041dc40                cJSON_DetachItemFromArray
                0x0041dc90                cJSON_DeleteItemFromArray
                0x0041dcc0                cJSON_DetachItemFromObject
                0x0041dcf0                cJSON_DetachItemFromObjectCaseSensitive
                0x0041dd20                cJSON_DeleteItemFromObject
                0x0041dd50                cJSON_DeleteItemFromObjectCaseSensitive
                0x0041dd80                cJSON_InsertItemInArray
                0x0041dde0                cJSON_ReplaceItemViaPointer
                0x0041dec0                cJSON_ReplaceItemInArray
                0x0041df10                cJSON_ReplaceItemInObject
                0x0041df40                cJSON_ReplaceItemInObjectCaseSensitive
                0x0041df70                cJSON_CreateNull
                0x0041df90                cJSON_CreateTrue
                0x0041dfb0                cJSON_CreateFalse
                0x0041dfd0                cJSON_CreateBool
                0x0041e000                cJSON_CreateNumber
                0x0041e080                cJSON_CreateString
                0x0041e0d0                cJSON_CreateRaw
                0x0041e120                cJSON_CreateArray
                0x0041e140                cJSON_CreateObject
                0x0041e160                cJSON_CreateIntArray
                0x0041e200                cJSON_CreateFloatArray
                0x0041e2a0                cJSON_CreateDoubleArray
                0x0041e340                cJSON_CreateStringArray
                0x0041e3e0                cJSON_Duplicate
                0x0041e4c0                cJSON_Minify
                0x0041e5d0                cJSON_IsInvalid
                0x0041e5f0                cJSON_IsFalse
                0x0041e610                cJSON_IsTrue
                0x0041e630                cJSON_IsBool
                0x0041e650                cJSON_IsNull
                0x0041e670                cJSON_IsNumber
                0x0041e690                cJSON_IsString
                0x0041e6b0                cJSON_IsArray
                0x0041e6d0                cJSON_IsObject
                0x0041e6f0                cJSON_IsRaw
                0x0041e710                cJSON_Compare
                0x0041e930                cJSON_malloc
                0x0041e940                cJSON_free
 .text          0x0041e950      0x1e0 ./debug/dbg-log.o
                0x0041e950                debug_init
                0x0041e9c0                debug_finish
                0x0041e9f0                debug_print
 .text          0x0041eb30      0x4b0 ./config/config.o
                0x0041eb30                init_config
                0x0041eca0                get_broker_ip
                0x0041ece0                get_broker_port
                0x0041ed20                get_keepalive
                0x0041ed60                get_cert_auth
                0x0041eda0                get_ae_name
                0x0041ede0                get_ae_id
                0x0041ee20                get_cse_id
                0x0041ee60                get_cb_name
                0x0041eea0                get_req_topic
                0x0041eee0                get_resp_topic
                0x0041ef20                get_noti_topic
                0x0041ef60                get_noti_resp_topic
                0x0041efa0                get_heartbeat_topic
 .text          0x0041efe0       0xc0 ./timer/timer.o
                0x0041efe0                set_timer
 .text          0x0041f0a0      0x210 ./event/event.o
                0x0041f0a0                init_event
                0x0041f0d0                destroy_event
                0x0041f0e0                put_event
                0x0041f1c0                handle_event
 .text          0x0041f2b0       0xc0 ./state/state.o
                0x0041f2b0                mqtt_state
 .text          0x0041f370       0x20 ./tas-ble/ble-app.o
                0x0041f370                ble_led_set
                0x0041f380                ble_led_get
 .text          0x0041f390       0xc0 ./tas-ble/ble-tas.o
                0x0041f390                ble_tas_init
                0x0041f3d0                ble_tas_set
                0x0041f400                ble_tas_get
 .text          0x0041f450       0x20 ./tas-zigbee/zigbee-app.o
                0x0041f450                zigbee_led_set
                0x0041f460                zigbee_led_get
 .text          0x0041f470       0xc0 ./tas-zigbee/zigbee-tas.o
                0x0041f470                zigbee_tas_init
                0x0041f4b0                zigbee_tas_set
                0x0041f4e0                zigbee_tas_get
 .text          0x0041f530       0x20 ./tas-zwave/zwave-app.o
                0x0041f530                zwave_led_set
                0x0041f540                zwave_led_get
 .text          0x0041f550       0xc0 ./tas-zwave/zwave-tas.o
                0x0041f550                zwave_tas_init
                0x0041f590                zwave_tas_set
                0x0041f5c0                zwave_tas_get
 .text          0x0041f610      0x440 ./cli/cli-menu.o
                0x0041f650                cli_proc
                0x0041f760                cli_test_publish_ae
                0x0041f7e0                cli_test_publish_cnt
                0x0041f860                cli_test_publish_cin
                0x0041f8e0                cli_test_publish_sub
                0x0041f960                cli_test_publish_resp
                0x0041f9b0                cli_test_publish_heartbeat
 .text          0x0041fa50        0x8 /usr/lib/gcc/i686-pc-cygwin/4.8.3/../../../libpthread.a(t-d001470.o)
                0x0041fa50                pthread_exit
 .text          0x0041fa58        0x8 /usr/lib/gcc/i686-pc-cygwin/4.8.3/../../../libpthread.a(t-d001510.o)
                0x0041fa58                pthread_self
 .text          0x0041fa60        0x8 /usr/lib/gcc/i686-pc-cygwin/4.8.3/../../../libpthread.a(t-d001443.o)
                0x0041fa60                pthread_attr_init
 .text          0x0041fa68        0x8 /usr/lib/gcc/i686-pc-cygwin/4.8.3/../../../libpthread.a(t-d001467.o)
                0x0041fa68                pthread_create
 .text          0x0041fa70        0x8 /usr/lib/gcc/i686-pc-cygwin/4.8.3/../../../libpthread.a(t-d001477.o)
                0x0041fa70                pthread_join
 .text          0x0041fa78        0x8 /usr/lib/gcc/i686-pc-cygwin/4.8.3/../../../libpthread.a(t-d000061.o)
                0x0041fa78                __getreent
 .text          0x0041fa80        0x8 /usr/lib/gcc/i686-pc-cygwin/4.8.3/../../../libpthread.a(t-d001493.o)
                0x0041fa80                pthread_mutexattr_init
 .text          0x0041fa88        0x8 /usr/lib/gcc/i686-pc-cygwin/4.8.3/../../../libpthread.a(t-d001497.o)
                0x0041fa88                pthread_mutexattr_settype
 .text          0x0041fa90        0x8 /usr/lib/gcc/i686-pc-cygwin/4.8.3/../../../libpthread.a(t-d001483.o)
                0x0041fa90                pthread_mutex_init
 .text          0x0041fa98        0x8 /usr/lib/gcc/i686-pc-cygwin/4.8.3/../../../libpthread.a(t-d001456.o)
                0x0041fa98                pthread_cond_init
 .text          0x0041faa0        0x8 /usr/lib/gcc/i686-pc-cygwin/4.8.3/../../../libpthread.a(t-d001444.o)
                0x0041faa0                pthread_attr_setdetachstate
 .text          0x0041faa8        0x8 /usr/lib/gcc/i686-pc-cygwin/4.8.3/../../../libpthread.a(t-d001433.o)
                0x0041faa8                pthread_attr_destroy
 .text          0x0041fab0        0x8 /usr/lib/gcc/i686-pc-cygwin/4.8.3/../../../libpthread.a(t-d001484.o)
                0x0041fab0                pthread_mutex_lock
 .text          0x0041fab8        0x8 /usr/lib/gcc/i686-pc-cygwin/4.8.3/../../../libpthread.a(t-d001487.o)
                0x0041fab8                pthread_mutex_unlock
 .text          0x0041fac0        0x8 /usr/lib/gcc/i686-pc-cygwin/4.8.3/../../../libpthread.a(t-d001481.o)
                0x0041fac0                pthread_mutex_destroy
 .text          0x0041fac8        0x8 /usr/lib/gcc/i686-pc-cygwin/4.8.3/../../../libpthread.a(t-d001628.o)
                0x0041fac8                sem_init
 .text          0x0041fad0        0x8 /usr/lib/gcc/i686-pc-cygwin/4.8.3/../../../libpthread.a(t-d001632.o)
                0x0041fad0                sem_trywait
 .text          0x0041fad8        0x8 /usr/lib/gcc/i686-pc-cygwin/4.8.3/../../../libpthread.a(t-d001627.o)
                0x0041fad8                sem_getvalue
 .text          0x0041fae0        0x8 /usr/lib/gcc/i686-pc-cygwin/4.8.3/../../../libpthread.a(t-d001630.o)
                0x0041fae0                sem_post
 .text          0x0041fae8        0x8 /usr/lib/gcc/i686-pc-cygwin/4.8.3/../../../libpthread.a(t-d001626.o)
                0x0041fae8                sem_destroy
 .text          0x0041faf0        0x8 /usr/lib/gcc/i686-pc-cygwin/4.8.3/../../../libpthread.a(t-d001463.o)
                0x0041faf0                pthread_condattr_init
 .text          0x0041faf8        0x8 /usr/lib/gcc/i686-pc-cygwin/4.8.3/../../../libpthread.a(t-d001457.o)
                0x0041faf8                pthread_cond_signal
 .text          0x0041fb00        0x8 /usr/lib/gcc/i686-pc-cygwin/4.8.3/../../../libpthread.a(t-d001458.o)
                0x0041fb00                pthread_cond_timedwait
 .text          0x0041fb08        0x8 /usr/lib/gcc/i686-pc-cygwin/4.8.3/../../../libpthread.a(t-d001455.o)
                0x0041fb08                pthread_cond_destroy
 .text          0x0041fb10       0x2c /usr/lib/gcc/i686-pc-cygwin/4.8.3/libgcc.a(_chkstk_ms.o)
                0x0041fb10                __chkstk_ms
 *fill*         0x0041fb3c        0x4 
 .text          0x0041fb40       0x30 /usr/lib/gcc/i686-pc-cygwin/4.8.3/../../../libcygwin.a(cygwin_crt0.o)
                0x0041fb40                cygwin_crt0
 .text          0x0041fb70       0x10 /usr/lib/gcc/i686-pc-cygwin/4.8.3/../../../libcygwin.a(premain0.o)
                0x0041fb70                cygwin_premain0
 .text          0x0041fb80       0x10 /usr/lib/gcc/i686-pc-cygwin/4.8.3/../../../libcygwin.a(premain1.o)
                0x0041fb80                cygwin_premain1
 .text          0x0041fb90       0x10 /usr/lib/gcc/i686-pc-cygwin/4.8.3/../../../libcygwin.a(premain2.o)
                0x0041fb90                cygwin_premain2
 .text          0x0041fba0       0x10 /usr/lib/gcc/i686-pc-cygwin/4.8.3/../../../libcygwin.a(premain3.o)
                0x0041fba0                cygwin_premain3
 .text          0x0041fbb0        0x8 /usr/lib/gcc/i686-pc-cygwin/4.8.3/../../../libcygwin.a(t-d000725.o)
                0x0041fbb0                atexit
 .text          0x0041fbb8        0x8 /usr/lib/gcc/i686-pc-cygwin/4.8.3/../../../libcygwin.a(t-d000068.o)
                0x0041fbb8                __main
 .text          0x0041fbc0        0x8 /usr/lib/gcc/i686-pc-cygwin/4.8.3/../../../libcygwin.a(t-d001867.o)
                0x0041fbc0                usleep
 .text          0x0041fbc8        0x8 /usr/lib/gcc/i686-pc-cygwin/4.8.3/../../../libcygwin.a(t-d001426.o)
                0x0041fbc8                printf
 .text          0x0041fbd0        0x8 /usr/lib/gcc/i686-pc-cygwin/4.8.3/../../../libcygwin.a(t-d000925.o)
                0x0041fbd0                exit
 .text          0x0041fbd8        0x8 /usr/lib/gcc/i686-pc-cygwin/4.8.3/../../../libcygwin.a(t-d001705.o)
                0x0041fbd8                signal
 .text          0x0041fbe0        0x8 /usr/lib/gcc/i686-pc-cygwin/4.8.3/../../../libcygwin.a(t-d001754.o)
                0x0041fbe0                strcmp
 .text          0x0041fbe8        0x8 /usr/lib/gcc/i686-pc-cygwin/4.8.3/../../../libcygwin.a(t-d001725.o)
                0x0041fbe8                snprintf
 .text          0x0041fbf0        0x8 /usr/lib/gcc/i686-pc-cygwin/4.8.3/../../../libcygwin.a(t-d001765.o)
                0x0041fbf0                strlen
 .text          0x0041fbf8        0x8 /usr/lib/gcc/i686-pc-cygwin/4.8.3/../../../libcygwin.a(t-d001313.o)
                0x0041fbf8                memcpy
 .text          0x0041fc00        0x8 /usr/lib/gcc/i686-pc-cygwin/4.8.3/../../../libcygwin.a(t-d001779.o)
                0x0041fc00                strstr
 .text          0x0041fc08        0x8 /usr/lib/gcc/i686-pc-cygwin/4.8.3/../../../libcygwin.a(t-d001545.o)
                0x0041fc08                random
 .text          0x0041fc10        0x8 /usr/lib/gcc/i686-pc-cygwin/4.8.3/../../../libcygwin.a(t-d001013.o)
                0x0041fc10                free
 .text          0x0041fc18        0x8 /usr/lib/gcc/i686-pc-cygwin/4.8.3/../../../libcygwin.a(t-d001295.o)
                0x0041fc18                malloc
 .text          0x0041fc20        0x8 /usr/lib/gcc/i686-pc-cygwin/4.8.3/../../../libcygwin.a(t-d001756.o)
                0x0041fc20                strcpy
 .text          0x0041fc28        0x8 /usr/lib/gcc/i686-pc-cygwin/4.8.3/../../../libcygwin.a(t-d001318.o)
                0x0041fc28                memset
 .text          0x0041fc30        0x8 /usr/lib/gcc/i686-pc-cygwin/4.8.3/../../../libcygwin.a(t-d001555.o)
                0x0041fc30                realloc
 .text          0x0041fc38        0x8 /usr/lib/gcc/i686-pc-cygwin/4.8.3/../../../libcygwin.a(t-d001053.o)
                0x0041fc38                fwrite
 .text          0x0041fc40        0x8 /usr/lib/gcc/i686-pc-cygwin/4.8.3/../../../libcygwin.a(t-d001006.o)
                0x0041fc40                fprintf
 .text          0x0041fc48        0x8 /usr/lib/gcc/i686-pc-cygwin/4.8.3/../../../libcygwin.a(t-d000974.o)
                0x0041fc48                fflush
 .text          0x0041fc50        0x8 /usr/lib/gcc/i686-pc-cygwin/4.8.3/../../../libcygwin.a(t-d000943.o)
                0x0041fc50                fclose
 .text          0x0041fc58        0x8 /usr/lib/gcc/i686-pc-cygwin/4.8.3/../../../libcygwin.a(t-d001861.o)
                0x0041fc58                unlink
 .text          0x0041fc60        0x8 /usr/lib/gcc/i686-pc-cygwin/4.8.3/../../../libcygwin.a(t-d001573.o)
                0x0041fc60                rename
 .text          0x0041fc68        0x8 /usr/lib/gcc/i686-pc-cygwin/4.8.3/../../../libcygwin.a(t-d001001.o)
                0x0041fc68                fopen
 .text          0x0041fc70        0x8 /usr/lib/gcc/i686-pc-cygwin/4.8.3/../../../libcygwin.a(t-d001135.o)
                0x0041fc70                gettimeofday
 .text          0x0041fc78        0x8 /usr/lib/gcc/i686-pc-cygwin/4.8.3/../../../libcygwin.a(t-d001263.o)
                0x0041fc78                localtime
 .text          0x0041fc80        0x8 /usr/lib/gcc/i686-pc-cygwin/4.8.3/../../../libcygwin.a(t-d001762.o)
                0x0041fc80                strftime
 .text          0x0041fc88        0x8 /usr/lib/gcc/i686-pc-cygwin/4.8.3/../../../libcygwin.a(t-d001736.o)
                0x0041fc88                sprintf
 .text          0x0041fc90        0x8 /usr/lib/gcc/i686-pc-cygwin/4.8.3/../../../libcygwin.a(t-d001770.o)
                0x0041fc90                strncpy
 .text          0x0041fc98        0x8 /usr/lib/gcc/i686-pc-cygwin/4.8.3/../../../libcygwin.a(t-d001078.o)
                0x0041fc98                getenv
 .text          0x0041fca0        0x8 /usr/lib/gcc/i686-pc-cygwin/4.8.3/../../../libcygwin.a(t-d001744.o)
                0x0041fca0                stat
 .text          0x0041fca8        0x8 /usr/lib/gcc/i686-pc-cygwin/4.8.3/../../../libcygwin.a(t-d000978.o)
                0x0041fca8                fgets
 .text          0x0041fcb0        0x8 /usr/lib/gcc/i686-pc-cygwin/4.8.3/../../../libcygwin.a(t-d000728.o)
                0x0041fcb0                atoi
 .text          0x0041fcb8        0x8 /usr/lib/gcc/i686-pc-cygwin/4.8.3/../../../libcygwin.a(t-d001891.o)
                0x0041fcb8                vsnprintf
 .text          0x0041fcc0        0x8 /usr/lib/gcc/i686-pc-cygwin/4.8.3/../../../libcygwin.a(t-d001759.o)
                0x0041fcc0                strerror
 .text          0x0041fcc8        0x8 /usr/lib/gcc/i686-pc-cygwin/4.8.3/../../../libcygwin.a(t-d001739.o)
                0x0041fcc8                srand
 .text          0x0041fcd0        0x8 /usr/lib/gcc/i686-pc-cygwin/4.8.3/../../../libcygwin.a(t-d001543.o)
                0x0041fcd0                rand
 .text          0x0041fcd8        0x8 /usr/lib/gcc/i686-pc-cygwin/4.8.3/../../../libcygwin.a(t-d001133.o)
                0x0041fcd8                getsockopt
 .text          0x0041fce0        0x8 /usr/lib/gcc/i686-pc-cygwin/4.8.3/../../../libcygwin.a(t-d001752.o)
                0x0041fce0                strchr
 .text          0x0041fce8        0x8 /usr/lib/gcc/i686-pc-cygwin/4.8.3/../../../libcygwin.a(t-d001319.o)
                0x0041fce8                mkdir
 .text          0x0041fcf0        0x8 /usr/lib/gcc/i686-pc-cygwin/4.8.3/../../../libcygwin.a(t-d000039.o)
                0x0041fcf0                __errno
 .text          0x0041fcf8        0x8 /usr/lib/gcc/i686-pc-cygwin/4.8.3/../../../libcygwin.a(t-d001785.o)
                0x0041fcf8                strtok_r
 .text          0x0041fd00        0x8 /usr/lib/gcc/i686-pc-cygwin/4.8.3/../../../libcygwin.a(t-d001022.o)
                0x0041fd00                fseek
 .text          0x0041fd08        0x8 /usr/lib/gcc/i686-pc-cygwin/4.8.3/../../../libcygwin.a(t-d001031.o)
                0x0041fd08                ftell
 .text          0x0041fd10        0x8 /usr/lib/gcc/i686-pc-cygwin/4.8.3/../../../libcygwin.a(t-d001012.o)
                0x0041fd10                fread
 .text          0x0041fd18        0x8 /usr/lib/gcc/i686-pc-cygwin/4.8.3/../../../libcygwin.a(t-d001597.o)
                0x0041fd18                rmdir
 .text          0x0041fd20        0x8 /usr/lib/gcc/i686-pc-cygwin/4.8.3/../../../libcygwin.a(t-d001374.o)
                0x0041fd20                opendir
 .text          0x0041fd28        0x8 /usr/lib/gcc/i686-pc-cygwin/4.8.3/../../../libcygwin.a(t-d001291.o)
                0x0041fd28                lstat
 .text          0x0041fd30        0x8 /usr/lib/gcc/i686-pc-cygwin/4.8.3/../../../libcygwin.a(t-d001550.o)
                0x0041fd30                readdir
 .text          0x0041fd38        0x8 /usr/lib/gcc/i686-pc-cygwin/4.8.3/../../../libcygwin.a(t-d000792.o)
                0x0041fd38                closedir
 .text          0x0041fd40        0x8 /usr/lib/gcc/i686-pc-cygwin/4.8.3/../../../libcygwin.a(t-d001568.o)
                0x0041fd40                remove
 .text          0x0041fd48        0x0 /usr/lib/gcc/i686-pc-cygwin/4.8.3/../../../libcygwin.a(d000024.o)
 .text          0x0041fd48        0x8 /usr/lib/gcc/i686-pc-cygwin/4.8.3/../../../libcygwin.a(t-d001775.o)
                0x0041fd48                strrchr
 .text          0x0041fd50        0x8 /usr/lib/gcc/i686-pc-cygwin/4.8.3/../../../libcygwin.a(t-d001786.o)
                0x0041fd50                strtol
 .text          0x0041fd58        0x8 /usr/lib/gcc/i686-pc-cygwin/4.8.3/../../../libcygwin.a(t-d000785.o)
                0x0041fd58                clock_gettime
 .text          0x0041fd60        0x8 /usr/lib/gcc/i686-pc-cygwin/4.8.3/../../../libcygwin.a(t-d000946.o)
                0x0041fd60                fcntl
 .text          0x0041fd68        0x8 /usr/lib/gcc/i686-pc-cygwin/4.8.3/../../../libcygwin.a(t-d001558.o)
                0x0041fd68                recv
 .text          0x0041fd70        0x8 /usr/lib/gcc/i686-pc-cygwin/4.8.3/../../../libcygwin.a(t-d001960.o)
                0x0041fd70                writev
 .text          0x0041fd78        0x8 /usr/lib/gcc/i686-pc-cygwin/4.8.3/../../../libcygwin.a(t-d001695.o)
                0x0041fd78                shutdown
 .text          0x0041fd80        0x8 /usr/lib/gcc/i686-pc-cygwin/4.8.3/../../../libcygwin.a(t-d000791.o)
                0x0041fd80                close
 .text          0x0041fd88        0x8 /usr/lib/gcc/i686-pc-cygwin/4.8.3/../../../libcygwin.a(t-d001068.o)
                0x0041fd88                getaddrinfo
 .text          0x0041fd90        0x8 /usr/lib/gcc/i686-pc-cygwin/4.8.3/../../../libcygwin.a(t-d001014.o)
                0x0041fd90                freeaddrinfo
 .text          0x0041fd98        0x8 /usr/lib/gcc/i686-pc-cygwin/4.8.3/../../../libcygwin.a(t-d001726.o)
                0x0041fd98                socket
 .text          0x0041fda0        0x8 /usr/lib/gcc/i686-pc-cygwin/4.8.3/../../../libcygwin.a(t-d000797.o)
                0x0041fda0                connect
 .text          0x0041fda8        0x8 /usr/lib/gcc/i686-pc-cygwin/4.8.3/../../../libcygwin.a(t-d001624.o)
                0x0041fda8                select
 .text          0x0041fdb0        0x8 /usr/lib/gcc/i686-pc-cygwin/4.8.3/../../../libcygwin.a(t-d001185.o)
                0x0041fdb0                inet_ntop
 .text          0x0041fdb8        0x8 /usr/lib/gcc/i686-pc-cygwin/4.8.3/../../../libcygwin.a(t-d001108.o)
                0x0041fdb8                getpeername
 .text          0x0041fdc0        0x8 /usr/lib/gcc/i686-pc-cygwin/4.8.3/../../../libcygwin.a(t-d001769.o)
                0x0041fdc0                strncmp
 .text          0x0041fdc8        0x8 /usr/lib/gcc/i686-pc-cygwin/4.8.3/../../../libcygwin.a(t-d001767.o)
                0x0041fdc8                strncasecmp
 .text          0x0041fdd0        0x8 /usr/lib/gcc/i686-pc-cygwin/4.8.3/../../../libcygwin.a(t-d001829.o)
                0x0041fdd0                time
 .text          0x0041fdd8        0x8 /usr/lib/gcc/i686-pc-cygwin/4.8.3/../../../libcygwin.a(t-d001311.o)
                0x0041fdd8                memchr
 .text          0x0041fde0        0x8 /usr/lib/gcc/i686-pc-cygwin/4.8.3/../../../libcygwin.a(t-d001312.o)
                0x0041fde0                memcmp
 .text          0x0041fde8        0x8 /usr/lib/gcc/i686-pc-cygwin/4.8.3/../../../libcygwin.a(t-d001841.o)
                0x0041fde8                tolower
 .text          0x0041fdf0        0x8 /usr/lib/gcc/i686-pc-cygwin/4.8.3/../../../libcygwin.a(t-d001262.o)
                0x0041fdf0                localeconv
 .text          0x0041fdf8        0x8 /usr/lib/gcc/i686-pc-cygwin/4.8.3/../../../libcygwin.a(t-d001742.o)
                0x0041fdf8                sscanf
 .text          0x0041fe00        0x8 /usr/lib/gcc/i686-pc-cygwin/4.8.3/../../../libcygwin.a(t-d001780.o)
                0x0041fe00                strtod
 .text          0x0041fe08        0x8 /usr/lib/gcc/i686-pc-cygwin/4.8.3/../../../libcygwin.a(t-d001882.o)
                0x0041fe08                vfprintf
 .text          0x0041fe10        0x8 /usr/lib/gcc/i686-pc-cygwin/4.8.3/../../../libcygwin.a(t-d001696.o)
                0x0041fe10                sigaction
 .text          0x0041fe18        0x8 /usr/lib/gcc/i686-pc-cygwin/4.8.3/../../../libcygwin.a(t-d001651.o)
                0x0041fe18                setitimer
 .text          0x0041fe20        0x8 /usr/lib/gcc/i686-pc-cygwin/4.8.3/../../../libcygwin.a(t-d001534.o)
                0x0041fe20                puts
 .text          0x0041fe28        0x8 /usr/lib/gcc/i686-pc-cygwin/4.8.3/../../../libcygwin.a(t-d001127.o)
                0x0041fe28                gets
 .text          0x0041fe30      0x320 /usr/lib/gcc/i686-pc-cygwin/4.8.3/../../../libcygwin.a(_cygwin_crt0_common.o)
                0x0041fe30                _cygwin_crt0_common@8
 .text          0x00420150        0x0 /usr/lib/gcc/i686-pc-cygwin/4.8.3/../../../libcygwin.a(d000376.o)
 .text          0x00420150      0x120 /usr/lib/gcc/i686-pc-cygwin/4.8.3/../../../libcygwin.a(dll_entry.o)
                0x00420180                _cygwin_dll_entry@12
                0x00420260                _cygwin_noncygwin_dll_entry@12
 .text          0x00420270        0x8 /usr/lib/gcc/i686-pc-cygwin/4.8.3/../../../libcygwin.a(t-d000850.o)
                0x00420270                cygwin_internal
 .text          0x00420278        0x8 /usr/lib/gcc/i686-pc-cygwin/4.8.3/../../../libcygwin.a(t-d000746.o)
                0x00420278                calloc
 .text          0x00420280        0x8 /usr/lib/gcc/i686-pc-cygwin/4.8.3/../../../libcygwin.a(t-d001393.o)
                0x00420280                posix_memalign
 *fill*         0x00420288        0x8 
 .text          0x00420290       0x10 /usr/lib/gcc/i686-pc-cygwin/4.8.3/../../../libcygwin.a(pseudo-reloc-dummy.o)
                0x00420290                _pei386_runtime_relocator
 .text          0x004202a0       0x10 /usr/lib/gcc/i686-pc-cygwin/4.8.3/../../../libcygwin.a(dll_main.o)
                0x004202a0                DllMain@12
 .text          0x004202b0        0x8 /usr/lib/gcc/i686-pc-cygwin/4.8.3/../../../libcygwin.a(t-d000848.o)
                0x004202b0                cygwin_detach_dll
 *fill*         0x004202b8        0x8 
 .text          0x004202c0       0x40 /usr/lib/gcc/i686-pc-cygwin/4.8.3/../../../libcygwin.a(cygwin_attach_dll.o)
                0x004202c0                cygwin_attach_dll
 .text          0x00420300        0x8 /usr/lib/gcc/i686-pc-cygwin/4.8.3/../../../libcygwin.a(t-d000871.o)
                0x00420300                dll_dllcrt0
 .text          0x00420308        0x8 /usr/lib/w32api/libkernel32.a(dwhhs00533.o)
                0x00420308                GetModuleHandleA@4
 .text          0x00420310        0x0 /usr/lib/w32api/libkernel32.a(dwhhh.o)
 .text          0x00420310        0x0 /usr/lib/w32api/libkernel32.a(dwhht.o)
 .text          0x00420310        0x0 /usr/lib/gcc/i686-pc-cygwin/4.8.3/libgcc.a(_ctors.o)
 .text          0x00420310        0x0 /usr/lib/gcc/i686-pc-cygwin/4.8.3/crtend.o
 *(SORT(.text$*))
 *(.text.*)
 .text.startup  0x00420310      0x280 main.o
                0x00420310                main
 .text.startup  0x00420590       0x10 /usr/lib/gcc/i686-pc-cygwin/4.8.3/crtend.o
 *(.gnu.linkonce.t.*)
 *(.glue_7t)
 *(.glue_7)
                0x004205a0                ___CTOR_LIST__ = .
                0x004205a0                __CTOR_LIST__ = .
                0x004205a0        0x4 LONG 0xffffffff
 *(.ctors)
 *(.ctor)
 *(SORT(.ctors.*))
 .ctors.65535   0x004205a4        0x4 /usr/lib/gcc/i686-pc-cygwin/4.8.3/crtend.o
                0x004205a8        0x4 LONG 0x0
                0x004205ac                ___DTOR_LIST__ = .
                0x004205ac                __DTOR_LIST__ = .
                0x004205ac        0x4 LONG 0xffffffff
 *(.dtors)
 *(.dtor)
 *(SORT(.dtors.*))
                0x004205b0        0x4 LONG 0x0
 *(.fini)
 *(.gcc_exc)
                0x004205b4                PROVIDE (etext, .)
                0x004205b4                PROVIDE (_etext, .)
 *(.gcc_except_table)

.data           0x00421000      0x600
                0x00421000                __data_start__ = .
 *(.data)
 .data          0x00421000        0x0 /usr/lib/gcc/i686-pc-cygwin/4.8.3/../../../crt0.o
 .data          0x00421000        0x8 /usr/lib/gcc/i686-pc-cygwin/4.8.3/crtbegin.o
                0x00421004                __dso_handle
 .data          0x00421008        0x0 arduino-ing.o
 .data          0x00421008        0x0 main.o
 *fill*         0x00421008       0x18 
 .data          0x00421020       0xe0 mqtt-handler.o
 .data          0x00421100        0x0 thyme-client.o
 .data          0x00421100        0x0 thyme-payload.o
 .data          0x00421100        0x0 thyme-resource.o
 .data          0x00421100        0x0 ./mqtt-paho/Base64.o
 .data          0x00421100        0x0 ./mqtt-paho/Clients.o
 .data          0x00421100        0x4 ./mqtt-paho/Heap.o
 .data          0x00421104        0x0 ./mqtt-paho/LinkedList.o
 .data          0x00421104       0x1c ./mqtt-paho/Log.o
                0x00421114                trace_settings
 .data          0x00421120       0x2c ./mqtt-paho/MQTTAsync.o
                0x00421138                bstate
                0x00421144                client_version_eye
                0x00421148                client_timestamp_eye
 .data          0x0042114c        0x0 ./mqtt-paho/MQTTClient.o
 *fill*         0x0042114c       0x14 
 .data          0x00421160       0xa0 ./mqtt-paho/MQTTPacket.o
                0x00421160                new_packets
                0x004211a0                MQTTClient_packet_names
 .data          0x00421200        0x0 ./mqtt-paho/MQTTPacketOut.o
 .data          0x00421200        0x0 ./mqtt-paho/MQTTPersistence.o
 .data          0x00421200        0x0 ./mqtt-paho/MQTTPersistenceDefault.o
 .data          0x00421200       0xe0 ./mqtt-paho/MQTTProperties.o
                0x00421200                nameToString
 .data          0x004212e0        0x0 ./mqtt-paho/MQTTProtocolClient.o
 .data          0x004212e0        0x0 ./mqtt-paho/MQTTProtocolOut.o
 .data          0x004212e0        0x0 ./mqtt-paho/MQTTReasonCodes.o
 .data          0x004212e0        0x0 ./mqtt-paho/MQTTTime.o
 .data          0x004212e0        0x0 ./mqtt-paho/MQTTVersion.o
 .data          0x004212e0        0x0 ./mqtt-paho/Messages.o
 .data          0x004212e0        0x0 ./mqtt-paho/OsWrapper.o
 .data          0x004212e0       0x40 ./mqtt-paho/SHA1.o
 .data          0x00421320        0x0 ./mqtt-paho/SSLSocket.o
 .data          0x00421320        0x0 ./mqtt-paho/Socket.o
 .data          0x00421320        0x0 ./mqtt-paho/SocketBuffer.o
 .data          0x00421320        0x4 ./mqtt-paho/StackTrace.o
 .data          0x00421324        0x0 ./mqtt-paho/Thread.o
 .data          0x00421324        0x0 ./mqtt-paho/Tree.o
 .data          0x00421324        0x0 ./mqtt-paho/WebSocket.o
 *fill*         0x00421324       0x1c 
 .data          0x00421340       0x80 ./mqtt-paho/utf-8.o
                0x00421340                valid_ranges
 .data          0x004213c0        0xc ./cJSON/cJSON.o
 .data          0x004213cc        0x0 ./debug/dbg-log.o
 .data          0x004213cc        0x0 ./config/config.o
 .data          0x004213cc        0x0 ./timer/timer.o
 .data          0x004213cc        0x0 ./event/event.o
 .data          0x004213cc        0x0 ./state/state.o
 .data          0x004213cc        0x0 ./tas-ble/ble-app.o
 .data          0x004213cc        0x0 ./tas-ble/ble-tas.o
 .data          0x004213cc        0x0 ./tas-zigbee/zigbee-app.o
 .data          0x004213cc        0x0 ./tas-zigbee/zigbee-tas.o
 .data          0x004213cc        0x0 ./tas-zwave/zwave-app.o
 .data          0x004213cc        0x0 ./tas-zwave/zwave-tas.o
 .data          0x004213cc        0x0 ./cli/cli-menu.o
 .data          0x004213cc        0x0 /usr/lib/gcc/i686-pc-cygwin/4.8.3/libgcc.a(_chkstk_ms.o)
 .data          0x004213cc        0x0 /usr/lib/gcc/i686-pc-cygwin/4.8.3/../../../libcygwin.a(cygwin_crt0.o)
 .data          0x004213cc        0x0 /usr/lib/gcc/i686-pc-cygwin/4.8.3/../../../libcygwin.a(premain0.o)
 .data          0x004213cc        0x0 /usr/lib/gcc/i686-pc-cygwin/4.8.3/../../../libcygwin.a(premain1.o)
 .data          0x004213cc        0x0 /usr/lib/gcc/i686-pc-cygwin/4.8.3/../../../libcygwin.a(premain2.o)
 .data          0x004213cc        0x0 /usr/lib/gcc/i686-pc-cygwin/4.8.3/../../../libcygwin.a(premain3.o)
 *fill*         0x004213cc       0x14 
 .data          0x004213e0       0x20 /usr/lib/gcc/i686-pc-cygwin/4.8.3/../../../libcygwin.a(_cygwin_crt0_common.o)
                0x004213e0                __cygwin_cxx_malloc
 .data          0x00421400        0x0 /usr/lib/gcc/i686-pc-cygwin/4.8.3/../../../libcygwin.a(dll_entry.o)
 .data          0x00421400        0x0 /usr/lib/gcc/i686-pc-cygwin/4.8.3/../../../libcygwin.a(pseudo-reloc-dummy.o)
 .data          0x00421400        0x0 /usr/lib/gcc/i686-pc-cygwin/4.8.3/../../../libcygwin.a(dll_main.o)
 .data          0x00421400        0x0 /usr/lib/gcc/i686-pc-cygwin/4.8.3/../../../libcygwin.a(cygwin_attach_dll.o)
 .data          0x00421400        0x0 /usr/lib/w32api/libkernel32.a(dwhhs00533.o)
 .data          0x00421400        0x0 /usr/lib/w32api/libkernel32.a(dwhhs00809.o)
 .data          0x00421400        0x0 /usr/lib/w32api/libkernel32.a(dwhhs00581.o)
 .data          0x00421400        0x0 /usr/lib/w32api/libkernel32.a(dwhhs00356.o)
 .data          0x00421400        0x0 /usr/lib/w32api/libkernel32.a(dwhhh.o)
 .data          0x00421400        0x0 /usr/lib/w32api/libkernel32.a(dwhht.o)
 .data          0x00421400        0x0 /usr/lib/gcc/i686-pc-cygwin/4.8.3/libgcc.a(_ctors.o)
 .data          0x00421400        0x0 /usr/lib/gcc/i686-pc-cygwin/4.8.3/crtend.o
 *(.data2)
 *(SORT(.data$*))
 *(.jcr)
 .jcr           0x00421400        0x0 /usr/lib/gcc/i686-pc-cygwin/4.8.3/crtbegin.o
 .jcr           0x00421400        0x4 /usr/lib/gcc/i686-pc-cygwin/4.8.3/crtend.o
                0x00421404                __data_end__ = .
 *(.data_cygwin_nocopy)

.rdata          0x00422000     0x5c00
 *(.rdata)
 .rdata         0x00422000       0x60 /usr/lib/gcc/i686-pc-cygwin/4.8.3/crtbegin.o
 .rdata         0x00422060      0x120 main.o
 .rdata         0x00422180      0x204 mqtt-handler.o
 *fill*         0x00422384       0x1c 
 .rdata         0x004223a0      0x3c0 thyme-client.o
 .rdata         0x00422760      0x408 thyme-payload.o
 .rdata         0x00422b68       0x94 thyme-resource.o
 *fill*         0x00422bfc        0x4 
 .rdata         0x00422c00      0x160 ./mqtt-paho/Base64.o
 .rdata         0x00422d60      0x228 ./mqtt-paho/Heap.o
 .rdata         0x00422f88       0x18 ./mqtt-paho/LinkedList.o
 .rdata         0x00422fa0      0x158 ./mqtt-paho/Log.o
 *fill*         0x004230f8        0x8 
 .rdata         0x00423100     0x1160 ./mqtt-paho/MQTTAsync.o
 .rdata         0x00424260      0x258 ./mqtt-paho/MQTTPacket.o
 .rdata         0x004244b8       0xdc ./mqtt-paho/MQTTPacketOut.o
 *fill*         0x00424594        0xc 
 .rdata         0x004245a0      0x360 ./mqtt-paho/MQTTPersistence.o
 .rdata         0x00424900       0xc0 ./mqtt-paho/MQTTPersistenceDefault.o
 .rdata         0x004249c0      0x400 ./mqtt-paho/MQTTProperties.o
 .rdata         0x00424dc0      0x3a0 ./mqtt-paho/MQTTProtocolClient.o
 .rdata         0x00425160       0xdc ./mqtt-paho/MQTTProtocolOut.o
 *fill*         0x0042523c        0x4 
 .rdata         0x00425240      0x540 ./mqtt-paho/MQTTReasonCodes.o
 .rdata         0x00425780       0x10 ./mqtt-paho/MQTTTime.o
 *fill*         0x00425790       0x10 
 .rdata         0x004257a0      0x760 ./mqtt-paho/Messages.o
 .rdata         0x00425f00      0x4e4 ./mqtt-paho/Socket.o
 .rdata         0x004263e4      0x1bc ./mqtt-paho/SocketBuffer.o
 .rdata         0x004265a0       0xfc ./mqtt-paho/StackTrace.o
 .rdata         0x0042669c       0xb4 ./mqtt-paho/Thread.o
 .rdata         0x00426750       0x14 ./mqtt-paho/Tree.o
 .rdata         0x00426764      0x3a4 ./mqtt-paho/WebSocket.o
 .rdata         0x00426b08       0x24 ./mqtt-paho/utf-8.o
 *fill*         0x00426b2c        0x4 
 .rdata         0x00426b30      0x280 ./cJSON/cJSON.o
 .rdata         0x00426db0       0x44 ./debug/dbg-log.o
 .rdata         0x00426df4      0x238 ./config/config.o
 .rdata         0x0042702c       0x20 ./timer/timer.o
 .rdata         0x0042704c       0x4c ./event/event.o
 .rdata         0x00427098       0x14 ./state/state.o
 .rdata         0x004270ac       0x50 ./tas-ble/ble-tas.o
 .rdata         0x004270fc       0x60 ./tas-zigbee/zigbee-tas.o
 .rdata         0x0042715c       0x5c ./tas-zwave/zwave-tas.o
 *fill*         0x004271b8        0x8 
 .rdata         0x004271c0      0x220 ./cli/cli-menu.o
 *(SORT(.rdata$*))
 .rdata$zzz     0x004273e0       0x34 /usr/lib/gcc/i686-pc-cygwin/4.8.3/../../../crt0.o
 .rdata$zzz     0x00427414       0x14 /usr/lib/gcc/i686-pc-cygwin/4.8.3/crtbegin.o
 .rdata$zzz     0x00427428       0x14 arduino-ing.o
 .rdata$zzz     0x0042743c       0x14 main.o
 .rdata$zzz     0x00427450       0x14 mqtt-handler.o
 .rdata$zzz     0x00427464       0x14 thyme-client.o
 .rdata$zzz     0x00427478       0x14 thyme-payload.o
 .rdata$zzz     0x0042748c       0x14 thyme-resource.o
 .rdata$zzz     0x004274a0       0x14 ./mqtt-paho/Base64.o
 .rdata$zzz     0x004274b4       0x14 ./mqtt-paho/Clients.o
 .rdata$zzz     0x004274c8       0x14 ./mqtt-paho/Heap.o
 .rdata$zzz     0x004274dc       0x14 ./mqtt-paho/LinkedList.o
 .rdata$zzz     0x004274f0       0x14 ./mqtt-paho/Log.o
 .rdata$zzz     0x00427504       0x14 ./mqtt-paho/MQTTAsync.o
 .rdata$zzz     0x00427518       0x14 ./mqtt-paho/MQTTClient.o
 .rdata$zzz     0x0042752c       0x14 ./mqtt-paho/MQTTPacket.o
 .rdata$zzz     0x00427540       0x14 ./mqtt-paho/MQTTPacketOut.o
 .rdata$zzz     0x00427554       0x14 ./mqtt-paho/MQTTPersistence.o
 .rdata$zzz     0x00427568       0x14 ./mqtt-paho/MQTTPersistenceDefault.o
 .rdata$zzz     0x0042757c       0x14 ./mqtt-paho/MQTTProperties.o
 .rdata$zzz     0x00427590       0x14 ./mqtt-paho/MQTTProtocolClient.o
 .rdata$zzz     0x004275a4       0x14 ./mqtt-paho/MQTTProtocolOut.o
 .rdata$zzz     0x004275b8       0x14 ./mqtt-paho/MQTTReasonCodes.o
 .rdata$zzz     0x004275cc       0x14 ./mqtt-paho/MQTTTime.o
 .rdata$zzz     0x004275e0       0x14 ./mqtt-paho/MQTTVersion.o
 .rdata$zzz     0x004275f4       0x14 ./mqtt-paho/Messages.o
 .rdata$zzz     0x00427608       0x14 ./mqtt-paho/OsWrapper.o
 .rdata$zzz     0x0042761c       0x14 ./mqtt-paho/SHA1.o
 .rdata$zzz     0x00427630       0x14 ./mqtt-paho/SSLSocket.o
 .rdata$zzz     0x00427644       0x14 ./mqtt-paho/Socket.o
 .rdata$zzz     0x00427658       0x14 ./mqtt-paho/SocketBuffer.o
 .rdata$zzz     0x0042766c       0x14 ./mqtt-paho/StackTrace.o
 .rdata$zzz     0x00427680       0x14 ./mqtt-paho/Thread.o
 .rdata$zzz     0x00427694       0x14 ./mqtt-paho/Tree.o
 .rdata$zzz     0x004276a8       0x14 ./mqtt-paho/WebSocket.o
 .rdata$zzz     0x004276bc       0x14 ./mqtt-paho/utf-8.o
 .rdata$zzz     0x004276d0       0x14 ./cJSON/cJSON.o
 .rdata$zzz     0x004276e4       0x14 ./debug/dbg-log.o
 .rdata$zzz     0x004276f8       0x14 ./config/config.o
 .rdata$zzz     0x0042770c       0x14 ./timer/timer.o
 .rdata$zzz     0x00427720       0x14 ./event/event.o
 .rdata$zzz     0x00427734       0x14 ./state/state.o
 .rdata$zzz     0x00427748       0x14 ./tas-ble/ble-app.o
 .rdata$zzz     0x0042775c       0x14 ./tas-ble/ble-tas.o
 .rdata$zzz     0x00427770       0x14 ./tas-zigbee/zigbee-app.o
 .rdata$zzz     0x00427784       0x14 ./tas-zigbee/zigbee-tas.o
 .rdata$zzz     0x00427798       0x14 ./tas-zwave/zwave-app.o
 .rdata$zzz     0x004277ac       0x14 ./tas-zwave/zwave-tas.o
 .rdata$zzz     0x004277c0       0x14 ./cli/cli-menu.o
 .rdata$zzz     0x004277d4       0x34 /usr/lib/gcc/i686-pc-cygwin/4.8.3/../../../libcygwin.a(cygwin_crt0.o)
 .rdata$zzz     0x00427808       0x34 /usr/lib/gcc/i686-pc-cygwin/4.8.3/../../../libcygwin.a(premain0.o)
 .rdata$zzz     0x0042783c       0x34 /usr/lib/gcc/i686-pc-cygwin/4.8.3/../../../libcygwin.a(premain1.o)
 .rdata$zzz     0x00427870       0x34 /usr/lib/gcc/i686-pc-cygwin/4.8.3/../../../libcygwin.a(premain2.o)
 .rdata$zzz     0x004278a4       0x34 /usr/lib/gcc/i686-pc-cygwin/4.8.3/../../../libcygwin.a(premain3.o)
 .rdata$zzz     0x004278d8       0x34 /usr/lib/gcc/i686-pc-cygwin/4.8.3/../../../libcygwin.a(_cygwin_crt0_common.o)
 .rdata$zzz     0x0042790c       0x34 /usr/lib/gcc/i686-pc-cygwin/4.8.3/../../../libcygwin.a(dll_entry.o)
 .rdata$zzz     0x00427940       0x34 /usr/lib/gcc/i686-pc-cygwin/4.8.3/../../../libcygwin.a(pseudo-reloc-dummy.o)
 .rdata$zzz     0x00427974       0x34 /usr/lib/gcc/i686-pc-cygwin/4.8.3/../../../libcygwin.a(dll_main.o)
 .rdata$zzz     0x004279a8       0x34 /usr/lib/gcc/i686-pc-cygwin/4.8.3/../../../libcygwin.a(cygwin_attach_dll.o)
 .rdata$zzz     0x004279dc       0x14 /usr/lib/gcc/i686-pc-cygwin/4.8.3/libgcc.a(_ctors.o)
 .rdata$zzz     0x004279f0       0x14 /usr/lib/gcc/i686-pc-cygwin/4.8.3/crtend.o
                0x00427a04                __rt_psrelocs_start = .
 *(.rdata_runtime_pseudo_reloc)
                0x00427a04                __rt_psrelocs_end = .
                0x00000000                __rt_psrelocs_size = (__rt_psrelocs_end - __rt_psrelocs_start)
                0x00427a04                ___RUNTIME_PSEUDO_RELOC_LIST_END__ = .
                0x00427a04                __RUNTIME_PSEUDO_RELOC_LIST_END__ = .
                0x00427a04                ___RUNTIME_PSEUDO_RELOC_LIST__ = (. - __rt_psrelocs_size)
                0x00427a04                __RUNTIME_PSEUDO_RELOC_LIST__ = (. - __rt_psrelocs_size)

.build-id       0x00428000      0x200
 .build-id      0x00428000       0x35 /usr/lib/gcc/i686-pc-cygwin/4.8.3/../../../crt0.o

.eh_frame       0x00429000     0x6200
 *(.eh_frame*)
 .eh_frame      0x00429000       0x38 /usr/lib/gcc/i686-pc-cygwin/4.8.3/../../../crt0.o
 .eh_frame      0x00429038       0x68 /usr/lib/gcc/i686-pc-cygwin/4.8.3/crtbegin.o
 .eh_frame      0x004290a0       0x80 main.o
 .eh_frame      0x00429120      0x2b0 mqtt-handler.o
 .eh_frame      0x004293d0      0x334 thyme-client.o
 .eh_frame      0x00429704      0x190 thyme-payload.o
 .eh_frame      0x00429894      0x130 thyme-resource.o
 .eh_frame      0x004299c4       0xfc ./mqtt-paho/Base64.o
 .eh_frame      0x00429ac0       0x44 ./mqtt-paho/Clients.o
 .eh_frame      0x00429b04      0x2d0 ./mqtt-paho/Heap.o
 .eh_frame      0x00429dd4      0x2fc ./mqtt-paho/LinkedList.o
 .eh_frame      0x0042a0d0      0x204 ./mqtt-paho/Log.o
 .eh_frame      0x0042a2d4      0xa8c ./mqtt-paho/MQTTAsync.o
 .eh_frame      0x0042ad60      0x650 ./mqtt-paho/MQTTPacket.o
 .eh_frame      0x0042b3b0      0x1e4 ./mqtt-paho/MQTTPacketOut.o
 .eh_frame      0x0042b594      0x2dc ./mqtt-paho/MQTTPersistence.o
 .eh_frame      0x0042b870      0x27c ./mqtt-paho/MQTTPersistenceDefault.o
 .eh_frame      0x0042baec      0x3fc ./mqtt-paho/MQTTProperties.o
 .eh_frame      0x0042bee8      0x418 ./mqtt-paho/MQTTProtocolClient.o
 .eh_frame      0x0042c300      0x174 ./mqtt-paho/MQTTProtocolOut.o
 .eh_frame      0x0042c474       0x2c ./mqtt-paho/MQTTReasonCodes.o
 .eh_frame      0x0042c4a0       0xa8 ./mqtt-paho/MQTTTime.o
 .eh_frame      0x0042c548       0x2c ./mqtt-paho/Messages.o
 .eh_frame      0x0042c574       0xe0 ./mqtt-paho/SHA1.o
 .eh_frame      0x0042c654      0x410 ./mqtt-paho/Socket.o
 .eh_frame      0x0042ca64      0x238 ./mqtt-paho/SocketBuffer.o
 .eh_frame      0x0042cc9c      0x150 ./mqtt-paho/StackTrace.o
 .eh_frame      0x0042cdec      0x248 ./mqtt-paho/Thread.o
 .eh_frame      0x0042d034      0x5a4 ./mqtt-paho/Tree.o
 .eh_frame      0x0042d5d8      0x364 ./mqtt-paho/WebSocket.o
 .eh_frame      0x0042d93c       0xa4 ./mqtt-paho/utf-8.o
 .eh_frame      0x0042d9e0      0xd08 ./cJSON/cJSON.o
 .eh_frame      0x0042e6e8       0x80 ./debug/dbg-log.o
 .eh_frame      0x0042e768      0x16c ./config/config.o
 .eh_frame      0x0042e8d4       0x44 ./timer/timer.o
 .eh_frame      0x0042e918       0xac ./event/event.o
 .eh_frame      0x0042e9c4       0x3c ./state/state.o
 .eh_frame      0x0042ea00       0x40 ./tas-ble/ble-app.o
 .eh_frame      0x0042ea40       0x60 ./tas-ble/ble-tas.o
 .eh_frame      0x0042eaa0       0x40 ./tas-zigbee/zigbee-app.o
 .eh_frame      0x0042eae0       0x60 ./tas-zigbee/zigbee-tas.o
 .eh_frame      0x0042eb40       0x40 ./tas-zwave/zwave-app.o
 .eh_frame      0x0042eb80       0x60 ./tas-zwave/zwave-tas.o
 .eh_frame      0x0042ebe0      0x1b8 ./cli/cli-menu.o
 .eh_frame      0x0042ed98       0x34 /usr/lib/gcc/i686-pc-cygwin/4.8.3/../../../libcygwin.a(cygwin_crt0.o)
 .eh_frame      0x0042edcc       0x2c /usr/lib/gcc/i686-pc-cygwin/4.8.3/../../../libcygwin.a(premain0.o)
 .eh_frame      0x0042edf8       0x2c /usr/lib/gcc/i686-pc-cygwin/4.8.3/../../../libcygwin.a(premain1.o)
 .eh_frame      0x0042ee24       0x2c /usr/lib/gcc/i686-pc-cygwin/4.8.3/../../../libcygwin.a(premain2.o)
 .eh_frame      0x0042ee50       0x2c /usr/lib/gcc/i686-pc-cygwin/4.8.3/../../../libcygwin.a(premain3.o)
 .eh_frame      0x0042ee7c       0x40 /usr/lib/gcc/i686-pc-cygwin/4.8.3/../../../libcygwin.a(_cygwin_crt0_common.o)
 .eh_frame      0x0042eebc       0x9c /usr/lib/gcc/i686-pc-cygwin/4.8.3/../../../libcygwin.a(dll_entry.o)
 .eh_frame      0x0042ef58       0x2c /usr/lib/gcc/i686-pc-cygwin/4.8.3/../../../libcygwin.a(pseudo-reloc-dummy.o)
 .eh_frame      0x0042ef84       0x2c /usr/lib/gcc/i686-pc-cygwin/4.8.3/../../../libcygwin.a(dll_main.o)
 .eh_frame      0x0042efb0       0x3c /usr/lib/gcc/i686-pc-cygwin/4.8.3/../../../libcygwin.a(cygwin_attach_dll.o)
 .eh_frame      0x0042efec       0x3c /usr/lib/gcc/i686-pc-cygwin/4.8.3/crtend.o

.pdata
 *(.pdata)

.bss            0x00430000    0x7f9dc
                0x00430000                __bss_start__ = .
 *(.bss)
 .bss           0x00430000        0x0 /usr/lib/gcc/i686-pc-cygwin/4.8.3/../../../crt0.o
 .bss           0x00430000       0x18 /usr/lib/gcc/i686-pc-cygwin/4.8.3/crtbegin.o
 .bss           0x00430018        0x0 arduino-ing.o
 .bss           0x00430018        0x4 main.o
 .bss           0x0043001c       0x20 mqtt-handler.o
 .bss           0x0043003c        0x0 thyme-client.o
 .bss           0x0043003c        0x0 thyme-payload.o
 *fill*         0x0043003c        0x4 
 .bss           0x00430040      0xca0 thyme-resource.o
 .bss           0x00430ce0        0x0 ./mqtt-paho/Base64.o
 .bss           0x00430ce0        0x0 ./mqtt-paho/Clients.o
 .bss           0x00430ce0       0x40 ./mqtt-paho/Heap.o
 .bss           0x00430d20        0x0 ./mqtt-paho/LinkedList.o
 .bss           0x00430d20      0x240 ./mqtt-paho/Log.o
 .bss           0x00430f60       0xe0 ./mqtt-paho/MQTTAsync.o
                0x00430f60                receiveThread_state
                0x00430f64                sendThread_state
 .bss           0x00431040        0x0 ./mqtt-paho/MQTTClient.o
 .bss           0x00431040        0xc ./mqtt-paho/MQTTPacket.o
 .bss           0x0043104c        0x0 ./mqtt-paho/MQTTPacketOut.o
 .bss           0x0043104c        0x0 ./mqtt-paho/MQTTPersistence.o
 .bss           0x0043104c        0x0 ./mqtt-paho/MQTTPersistenceDefault.o
 .bss           0x0043104c        0x0 ./mqtt-paho/MQTTProperties.o
 .bss           0x0043104c        0x0 ./mqtt-paho/MQTTProtocolClient.o
 .bss           0x0043104c        0x0 ./mqtt-paho/MQTTProtocolOut.o
 .bss           0x0043104c        0x0 ./mqtt-paho/MQTTReasonCodes.o
 .bss           0x0043104c       0x18 ./mqtt-paho/MQTTTime.o
 .bss           0x00431064        0x0 ./mqtt-paho/MQTTVersion.o
 .bss           0x00431064        0x0 ./mqtt-paho/Messages.o
 .bss           0x00431064        0x0 ./mqtt-paho/OsWrapper.o
 .bss           0x00431064        0x0 ./mqtt-paho/SHA1.o
 .bss           0x00431064        0x0 ./mqtt-paho/SSLSocket.o
 *fill*         0x00431064       0x1c 
 .bss           0x00431080       0x60 ./mqtt-paho/Socket.o
 .bss           0x004310e0       0x1c ./mqtt-paho/SocketBuffer.o
 *fill*         0x004310fc        0x4 
 .bss           0x00431100    0x7d460 ./mqtt-paho/StackTrace.o
 .bss           0x004ae560        0x0 ./mqtt-paho/Thread.o
 .bss           0x004ae560        0x0 ./mqtt-paho/Tree.o
 .bss           0x004ae560       0x18 ./mqtt-paho/WebSocket.o
                0x004ae560                last_frame
 .bss           0x004ae578        0x0 ./mqtt-paho/utf-8.o
 .bss           0x004ae578       0x18 ./cJSON/cJSON.o
 *fill*         0x004ae590       0x10 
 .bss           0x004ae5a0       0xa0 ./debug/dbg-log.o
 .bss           0x004ae640      0x160 ./config/config.o
 .bss           0x004ae7a0        0x0 ./timer/timer.o
 .bss           0x004ae7a0     0x10a0 ./event/event.o
 .bss           0x004af840        0x4 ./state/state.o
 .bss           0x004af844        0x0 ./tas-ble/ble-app.o
 .bss           0x004af844        0x4 ./tas-ble/ble-tas.o
 .bss           0x004af848        0x0 ./tas-zigbee/zigbee-app.o
 .bss           0x004af848        0x4 ./tas-zigbee/zigbee-tas.o
 .bss           0x004af84c        0x0 ./tas-zwave/zwave-app.o
 .bss           0x004af84c        0x4 ./tas-zwave/zwave-tas.o
 .bss           0x004af850        0x8 ./cli/cli-menu.o
 .bss           0x004af858        0x0 /usr/lib/gcc/i686-pc-cygwin/4.8.3/libgcc.a(_chkstk_ms.o)
 .bss           0x004af858        0x0 /usr/lib/gcc/i686-pc-cygwin/4.8.3/../../../libcygwin.a(cygwin_crt0.o)
 .bss           0x004af858        0x0 /usr/lib/gcc/i686-pc-cygwin/4.8.3/../../../libcygwin.a(premain0.o)
 .bss           0x004af858        0x0 /usr/lib/gcc/i686-pc-cygwin/4.8.3/../../../libcygwin.a(premain1.o)
 .bss           0x004af858        0x0 /usr/lib/gcc/i686-pc-cygwin/4.8.3/../../../libcygwin.a(premain2.o)
 .bss           0x004af858        0x0 /usr/lib/gcc/i686-pc-cygwin/4.8.3/../../../libcygwin.a(premain3.o)
 .bss           0x004af858        0x8 /usr/lib/gcc/i686-pc-cygwin/4.8.3/../../../libcygwin.a(_cygwin_crt0_common.o)
                0x004af858                _fmode
                0x004af85c                environ
 .bss           0x004af860       0x14 /usr/lib/gcc/i686-pc-cygwin/4.8.3/../../../libcygwin.a(dll_entry.o)
                0x004af860                __dynamically_loaded
 .bss           0x004af874        0x0 /usr/lib/gcc/i686-pc-cygwin/4.8.3/../../../libcygwin.a(pseudo-reloc-dummy.o)
 .bss           0x004af874        0x0 /usr/lib/gcc/i686-pc-cygwin/4.8.3/../../../libcygwin.a(dll_main.o)
 *fill*         0x004af874        0xc 
 .bss           0x004af880       0xc0 /usr/lib/gcc/i686-pc-cygwin/4.8.3/../../../libcygwin.a(cygwin_attach_dll.o)
 .bss           0x004af940        0x0 /usr/lib/w32api/libkernel32.a(dwhhs00533.o)
 .bss           0x004af940        0x0 /usr/lib/w32api/libkernel32.a(dwhhs00809.o)
 .bss           0x004af940        0x0 /usr/lib/w32api/libkernel32.a(dwhhs00581.o)
 .bss           0x004af940        0x0 /usr/lib/w32api/libkernel32.a(dwhhs00356.o)
 .bss           0x004af940        0x0 /usr/lib/w32api/libkernel32.a(dwhhh.o)
 .bss           0x004af940        0x0 /usr/lib/w32api/libkernel32.a(dwhht.o)
 .bss           0x004af940        0x0 /usr/lib/gcc/i686-pc-cygwin/4.8.3/libgcc.a(_ctors.o)
 .bss           0x004af940        0x0 /usr/lib/gcc/i686-pc-cygwin/4.8.3/crtend.o
 *(COMMON)
 COMMON         0x004af940        0x4 /usr/lib/gcc/i686-pc-cygwin/4.8.3/crtbegin.o
                0x004af940                hmod_libgcc
 COMMON         0x004af944       0x10 ./mqtt-paho/Log.o
                0x004af944                last_ts
                0x004af94c                ts
 *fill*         0x004af954        0xc 
 COMMON         0x004af960       0x30 ./mqtt-paho/MQTTAsync.o
                0x004af960                state
 *fill*         0x004af990       0x10 
 COMMON         0x004af9a0       0x2c ./mqtt-paho/Socket.o
                0x004af9a0                s
 COMMON         0x004af9cc       0x10 /usr/lib/gcc/i686-pc-cygwin/4.8.3/libgcc.a(_ctors.o)
                0x004af9dc                __bss_end__ = .

.edata          0x004b0000     0x3200
 *(.edata)
 .edata         0x004b0000     0x3107 dll stuff

/DISCARD/
 *(.debug$S)
 *(.debug$T)
 *(.debug$F)
 *(.drectve)
 *(.note.GNU-stack)
 *(.gnu.lto_*)

.idata          0x004b4000      0xe00
 SORT(*)(.idata$2)
 .idata$2       0x004b4000       0x14 /usr/lib/gcc/i686-pc-cygwin/4.8.3/../../../libcygwin.a(d000000.o)
                0x004b4000                _head_cygwin1_dll
 .idata$2       0x004b4014       0x14 /usr/lib/w32api/libkernel32.a(dwhhh.o)
                0x004b4014                _head_lib32_libkernel32_a
 SORT(*)(.idata$3)
                0x004b4028        0x4 LONG 0x0
                0x004b402c        0x4 LONG 0x0
                0x004b4030        0x4 LONG 0x0
                0x004b4034        0x4 LONG 0x0
                0x004b4038        0x4 LONG 0x0
 SORT(*)(.idata$4)
 .idata$4       0x004b403c        0x0 /usr/lib/gcc/i686-pc-cygwin/4.8.3/../../../libcygwin.a(d000000.o)
 .idata$4       0x004b403c        0x4 /usr/lib/gcc/i686-pc-cygwin/4.8.3/../../../libcygwin.a(d000024.o)
 .idata$4       0x004b4040        0x4 /usr/lib/gcc/i686-pc-cygwin/4.8.3/../../../libcygwin.a(d000039.o)
 .idata$4       0x004b4044        0x4 /usr/lib/gcc/i686-pc-cygwin/4.8.3/../../../libcygwin.a(d000061.o)
 .idata$4       0x004b4048        0x4 /usr/lib/gcc/i686-pc-cygwin/4.8.3/../../../libcygwin.a(d000068.o)
 .idata$4       0x004b404c        0x4 /usr/lib/gcc/i686-pc-cygwin/4.8.3/../../../libcygwin.a(d000191.o)
 .idata$4       0x004b4050        0x4 /usr/lib/gcc/i686-pc-cygwin/4.8.3/../../../libcygwin.a(d000257.o)
 .idata$4       0x004b4054        0x4 /usr/lib/gcc/i686-pc-cygwin/4.8.3/../../../libcygwin.a(d000284.o)
 .idata$4       0x004b4058        0x4 /usr/lib/gcc/i686-pc-cygwin/4.8.3/../../../libcygwin.a(d000376.o)
 .idata$4       0x004b405c        0x4 /usr/lib/gcc/i686-pc-cygwin/4.8.3/../../../libcygwin.a(d000437.o)
 .idata$4       0x004b4060        0x4 /usr/lib/gcc/i686-pc-cygwin/4.8.3/../../../libcygwin.a(d000573.o)
 .idata$4       0x004b4064        0x4 /usr/lib/gcc/i686-pc-cygwin/4.8.3/../../../libcygwin.a(d000725.o)
 .idata$4       0x004b4068        0x4 /usr/lib/gcc/i686-pc-cygwin/4.8.3/../../../libcygwin.a(d000728.o)
 .idata$4       0x004b406c        0x4 /usr/lib/gcc/i686-pc-cygwin/4.8.3/../../../libcygwin.a(d000746.o)
 .idata$4       0x004b4070        0x4 /usr/lib/gcc/i686-pc-cygwin/4.8.3/../../../libcygwin.a(d000785.o)
 .idata$4       0x004b4074        0x4 /usr/lib/gcc/i686-pc-cygwin/4.8.3/../../../libcygwin.a(d000791.o)
 .idata$4       0x004b4078        0x4 /usr/lib/gcc/i686-pc-cygwin/4.8.3/../../../libcygwin.a(d000792.o)
 .idata$4       0x004b407c        0x4 /usr/lib/gcc/i686-pc-cygwin/4.8.3/../../../libcygwin.a(d000797.o)
 .idata$4       0x004b4080        0x4 /usr/lib/gcc/i686-pc-cygwin/4.8.3/../../../libcygwin.a(d000848.o)
 .idata$4       0x004b4084        0x4 /usr/lib/gcc/i686-pc-cygwin/4.8.3/../../../libcygwin.a(d000850.o)
 .idata$4       0x004b4088        0x4 /usr/lib/gcc/i686-pc-cygwin/4.8.3/../../../libcygwin.a(d000871.o)
 .idata$4       0x004b408c        0x4 /usr/lib/gcc/i686-pc-cygwin/4.8.3/../../../libcygwin.a(d000925.o)
 .idata$4       0x004b4090        0x4 /usr/lib/gcc/i686-pc-cygwin/4.8.3/../../../libcygwin.a(d000943.o)
 .idata$4       0x004b4094        0x4 /usr/lib/gcc/i686-pc-cygwin/4.8.3/../../../libcygwin.a(d000974.o)
 .idata$4       0x004b4098        0x4 /usr/lib/gcc/i686-pc-cygwin/4.8.3/../../../libcygwin.a(d000978.o)
 .idata$4       0x004b409c        0x4 /usr/lib/gcc/i686-pc-cygwin/4.8.3/../../../libcygwin.a(d001006.o)
 .idata$4       0x004b40a0        0x4 /usr/lib/gcc/i686-pc-cygwin/4.8.3/../../../libcygwin.a(d001012.o)
 .idata$4       0x004b40a4        0x4 /usr/lib/gcc/i686-pc-cygwin/4.8.3/../../../libcygwin.a(d001013.o)
 .idata$4       0x004b40a8        0x4 /usr/lib/gcc/i686-pc-cygwin/4.8.3/../../../libcygwin.a(d001014.o)
 .idata$4       0x004b40ac        0x4 /usr/lib/gcc/i686-pc-cygwin/4.8.3/../../../libcygwin.a(d001022.o)
 .idata$4       0x004b40b0        0x4 /usr/lib/gcc/i686-pc-cygwin/4.8.3/../../../libcygwin.a(d001031.o)
 .idata$4       0x004b40b4        0x4 /usr/lib/gcc/i686-pc-cygwin/4.8.3/../../../libcygwin.a(d001053.o)
 .idata$4       0x004b40b8        0x4 /usr/lib/gcc/i686-pc-cygwin/4.8.3/../../../libcygwin.a(d001068.o)
 .idata$4       0x004b40bc        0x4 /usr/lib/gcc/i686-pc-cygwin/4.8.3/../../../libcygwin.a(d001078.o)
 .idata$4       0x004b40c0        0x4 /usr/lib/gcc/i686-pc-cygwin/4.8.3/../../../libcygwin.a(d001108.o)
 .idata$4       0x004b40c4        0x4 /usr/lib/gcc/i686-pc-cygwin/4.8.3/../../../libcygwin.a(d001127.o)
 .idata$4       0x004b40c8        0x4 /usr/lib/gcc/i686-pc-cygwin/4.8.3/../../../libcygwin.a(d001133.o)
 .idata$4       0x004b40cc        0x4 /usr/lib/gcc/i686-pc-cygwin/4.8.3/../../../libcygwin.a(d001135.o)
 .idata$4       0x004b40d0        0x4 /usr/lib/gcc/i686-pc-cygwin/4.8.3/../../../libcygwin.a(d001185.o)
 .idata$4       0x004b40d4        0x4 /usr/lib/gcc/i686-pc-cygwin/4.8.3/../../../libcygwin.a(d001262.o)
 .idata$4       0x004b40d8        0x4 /usr/lib/gcc/i686-pc-cygwin/4.8.3/../../../libcygwin.a(d001263.o)
 .idata$4       0x004b40dc        0x4 /usr/lib/gcc/i686-pc-cygwin/4.8.3/../../../libcygwin.a(d001295.o)
 .idata$4       0x004b40e0        0x4 /usr/lib/gcc/i686-pc-cygwin/4.8.3/../../../libcygwin.a(d001311.o)
 .idata$4       0x004b40e4        0x4 /usr/lib/gcc/i686-pc-cygwin/4.8.3/../../../libcygwin.a(d001312.o)
 .idata$4       0x004b40e8        0x4 /usr/lib/gcc/i686-pc-cygwin/4.8.3/../../../libcygwin.a(d001313.o)
 .idata$4       0x004b40ec        0x4 /usr/lib/gcc/i686-pc-cygwin/4.8.3/../../../libcygwin.a(d001318.o)
 .idata$4       0x004b40f0        0x4 /usr/lib/gcc/i686-pc-cygwin/4.8.3/../../../libcygwin.a(d001319.o)
 .idata$4       0x004b40f4        0x4 /usr/lib/gcc/i686-pc-cygwin/4.8.3/../../../libcygwin.a(d001374.o)
 .idata$4       0x004b40f8        0x4 /usr/lib/gcc/i686-pc-cygwin/4.8.3/../../../libcygwin.a(d001393.o)
 .idata$4       0x004b40fc        0x4 /usr/lib/gcc/i686-pc-cygwin/4.8.3/../../../libcygwin.a(d001426.o)
 .idata$4       0x004b4100        0x4 /usr/lib/gcc/i686-pc-cygwin/4.8.3/../../../libcygwin.a(d001433.o)
 .idata$4       0x004b4104        0x4 /usr/lib/gcc/i686-pc-cygwin/4.8.3/../../../libcygwin.a(d001443.o)
 .idata$4       0x004b4108        0x4 /usr/lib/gcc/i686-pc-cygwin/4.8.3/../../../libcygwin.a(d001444.o)
 .idata$4       0x004b410c        0x4 /usr/lib/gcc/i686-pc-cygwin/4.8.3/../../../libcygwin.a(d001455.o)
 .idata$4       0x004b4110        0x4 /usr/lib/gcc/i686-pc-cygwin/4.8.3/../../../libcygwin.a(d001456.o)
 .idata$4       0x004b4114        0x4 /usr/lib/gcc/i686-pc-cygwin/4.8.3/../../../libcygwin.a(d001457.o)
 .idata$4       0x004b4118        0x4 /usr/lib/gcc/i686-pc-cygwin/4.8.3/../../../libcygwin.a(d001458.o)
 .idata$4       0x004b411c        0x4 /usr/lib/gcc/i686-pc-cygwin/4.8.3/../../../libcygwin.a(d001463.o)
 .idata$4       0x004b4120        0x4 /usr/lib/gcc/i686-pc-cygwin/4.8.3/../../../libcygwin.a(d001467.o)
 .idata$4       0x004b4124        0x4 /usr/lib/gcc/i686-pc-cygwin/4.8.3/../../../libcygwin.a(d001470.o)
 .idata$4       0x004b4128        0x4 /usr/lib/gcc/i686-pc-cygwin/4.8.3/../../../libcygwin.a(d001477.o)
 .idata$4       0x004b412c        0x4 /usr/lib/gcc/i686-pc-cygwin/4.8.3/../../../libcygwin.a(d001481.o)
 .idata$4       0x004b4130        0x4 /usr/lib/gcc/i686-pc-cygwin/4.8.3/../../../libcygwin.a(d001483.o)
 .idata$4       0x004b4134        0x4 /usr/lib/gcc/i686-pc-cygwin/4.8.3/../../../libcygwin.a(d001484.o)
 .idata$4       0x004b4138        0x4 /usr/lib/gcc/i686-pc-cygwin/4.8.3/../../../libcygwin.a(d001487.o)
 .idata$4       0x004b413c        0x4 /usr/lib/gcc/i686-pc-cygwin/4.8.3/../../../libcygwin.a(d001493.o)
 .idata$4       0x004b4140        0x4 /usr/lib/gcc/i686-pc-cygwin/4.8.3/../../../libcygwin.a(d001497.o)
 .idata$4       0x004b4144        0x4 /usr/lib/gcc/i686-pc-cygwin/4.8.3/../../../libcygwin.a(d001510.o)
 .idata$4       0x004b4148        0x4 /usr/lib/gcc/i686-pc-cygwin/4.8.3/../../../libcygwin.a(d001534.o)
 .idata$4       0x004b414c        0x4 /usr/lib/gcc/i686-pc-cygwin/4.8.3/../../../libcygwin.a(d001543.o)
 .idata$4       0x004b4150        0x4 /usr/lib/gcc/i686-pc-cygwin/4.8.3/../../../libcygwin.a(d001545.o)
 .idata$4       0x004b4154        0x4 /usr/lib/gcc/i686-pc-cygwin/4.8.3/../../../libcygwin.a(d001550.o)
 .idata$4       0x004b4158        0x4 /usr/lib/gcc/i686-pc-cygwin/4.8.3/../../../libcygwin.a(d001555.o)
 .idata$4       0x004b415c        0x4 /usr/lib/gcc/i686-pc-cygwin/4.8.3/../../../libcygwin.a(d001558.o)
 .idata$4       0x004b4160        0x4 /usr/lib/gcc/i686-pc-cygwin/4.8.3/../../../libcygwin.a(d001568.o)
 .idata$4       0x004b4164        0x4 /usr/lib/gcc/i686-pc-cygwin/4.8.3/../../../libcygwin.a(d001573.o)
 .idata$4       0x004b4168        0x4 /usr/lib/gcc/i686-pc-cygwin/4.8.3/../../../libcygwin.a(d001597.o)
 .idata$4       0x004b416c        0x4 /usr/lib/gcc/i686-pc-cygwin/4.8.3/../../../libcygwin.a(d001624.o)
 .idata$4       0x004b4170        0x4 /usr/lib/gcc/i686-pc-cygwin/4.8.3/../../../libcygwin.a(d001626.o)
 .idata$4       0x004b4174        0x4 /usr/lib/gcc/i686-pc-cygwin/4.8.3/../../../libcygwin.a(d001627.o)
 .idata$4       0x004b4178        0x4 /usr/lib/gcc/i686-pc-cygwin/4.8.3/../../../libcygwin.a(d001628.o)
 .idata$4       0x004b417c        0x4 /usr/lib/gcc/i686-pc-cygwin/4.8.3/../../../libcygwin.a(d001630.o)
 .idata$4       0x004b4180        0x4 /usr/lib/gcc/i686-pc-cygwin/4.8.3/../../../libcygwin.a(d001632.o)
 .idata$4       0x004b4184        0x4 /usr/lib/gcc/i686-pc-cygwin/4.8.3/../../../libcygwin.a(d001651.o)
 .idata$4       0x004b4188        0x4 /usr/lib/gcc/i686-pc-cygwin/4.8.3/../../../libcygwin.a(d001695.o)
 .idata$4       0x004b418c        0x4 /usr/lib/gcc/i686-pc-cygwin/4.8.3/../../../libcygwin.a(d001696.o)
 .idata$4       0x004b4190        0x4 /usr/lib/gcc/i686-pc-cygwin/4.8.3/../../../libcygwin.a(d001705.o)
 .idata$4       0x004b4194        0x4 /usr/lib/gcc/i686-pc-cygwin/4.8.3/../../../libcygwin.a(d001725.o)
 .idata$4       0x004b4198        0x4 /usr/lib/gcc/i686-pc-cygwin/4.8.3/../../../libcygwin.a(d001726.o)
 .idata$4       0x004b419c        0x4 /usr/lib/gcc/i686-pc-cygwin/4.8.3/../../../libcygwin.a(d001736.o)
 .idata$4       0x004b41a0        0x4 /usr/lib/gcc/i686-pc-cygwin/4.8.3/../../../libcygwin.a(d001739.o)
 .idata$4       0x004b41a4        0x4 /usr/lib/gcc/i686-pc-cygwin/4.8.3/../../../libcygwin.a(d001742.o)
 .idata$4       0x004b41a8        0x4 /usr/lib/gcc/i686-pc-cygwin/4.8.3/../../../libcygwin.a(d001752.o)
 .idata$4       0x004b41ac        0x4 /usr/lib/gcc/i686-pc-cygwin/4.8.3/../../../libcygwin.a(d001754.o)
 .idata$4       0x004b41b0        0x4 /usr/lib/gcc/i686-pc-cygwin/4.8.3/../../../libcygwin.a(d001756.o)
 .idata$4       0x004b41b4        0x4 /usr/lib/gcc/i686-pc-cygwin/4.8.3/../../../libcygwin.a(d001759.o)
 .idata$4       0x004b41b8        0x4 /usr/lib/gcc/i686-pc-cygwin/4.8.3/../../../libcygwin.a(d001762.o)
 .idata$4       0x004b41bc        0x4 /usr/lib/gcc/i686-pc-cygwin/4.8.3/../../../libcygwin.a(d001765.o)
 .idata$4       0x004b41c0        0x4 /usr/lib/gcc/i686-pc-cygwin/4.8.3/../../../libcygwin.a(d001767.o)
 .idata$4       0x004b41c4        0x4 /usr/lib/gcc/i686-pc-cygwin/4.8.3/../../../libcygwin.a(d001769.o)
 .idata$4       0x004b41c8        0x4 /usr/lib/gcc/i686-pc-cygwin/4.8.3/../../../libcygwin.a(d001770.o)
 .idata$4       0x004b41cc        0x4 /usr/lib/gcc/i686-pc-cygwin/4.8.3/../../../libcygwin.a(d001775.o)
 .idata$4       0x004b41d0        0x4 /usr/lib/gcc/i686-pc-cygwin/4.8.3/../../../libcygwin.a(d001779.o)
 .idata$4       0x004b41d4        0x4 /usr/lib/gcc/i686-pc-cygwin/4.8.3/../../../libcygwin.a(d001780.o)
 .idata$4       0x004b41d8        0x4 /usr/lib/gcc/i686-pc-cygwin/4.8.3/../../../libcygwin.a(d001785.o)
 .idata$4       0x004b41dc        0x4 /usr/lib/gcc/i686-pc-cygwin/4.8.3/../../../libcygwin.a(d001786.o)
 .idata$4       0x004b41e0        0x4 /usr/lib/gcc/i686-pc-cygwin/4.8.3/../../../libcygwin.a(d001829.o)
 .idata$4       0x004b41e4        0x4 /usr/lib/gcc/i686-pc-cygwin/4.8.3/../../../libcygwin.a(d001841.o)
 .idata$4       0x004b41e8        0x4 /usr/lib/gcc/i686-pc-cygwin/4.8.3/../../../libcygwin.a(d001861.o)
 .idata$4       0x004b41ec        0x4 /usr/lib/gcc/i686-pc-cygwin/4.8.3/../../../libcygwin.a(d001867.o)
 .idata$4       0x004b41f0        0x4 /usr/lib/gcc/i686-pc-cygwin/4.8.3/../../../libcygwin.a(d001882.o)
 .idata$4       0x004b41f4        0x4 /usr/lib/gcc/i686-pc-cygwin/4.8.3/../../../libcygwin.a(d001891.o)
 .idata$4       0x004b41f8        0x4 /usr/lib/gcc/i686-pc-cygwin/4.8.3/../../../libcygwin.a(d001960.o)
 .idata$4       0x004b41fc        0x4 /usr/lib/gcc/i686-pc-cygwin/4.8.3/../../../libcygwin.a(d002015.o)
 .idata$4       0x004b4200        0x0 /usr/lib/w32api/libkernel32.a(dwhhh.o)
 .idata$4       0x004b4200        0x4 /usr/lib/w32api/libkernel32.a(dwhhs00356.o)
 .idata$4       0x004b4204        0x4 /usr/lib/w32api/libkernel32.a(dwhhs00533.o)
 .idata$4       0x004b4208        0x4 /usr/lib/w32api/libkernel32.a(dwhhs00581.o)
 .idata$4       0x004b420c        0x4 /usr/lib/w32api/libkernel32.a(dwhhs00809.o)
 .idata$4       0x004b4210        0x4 /usr/lib/w32api/libkernel32.a(dwhht.o)
                0x004b4214                __IAT_start__ = .
 SORT(*)(.idata$5)
 .idata$5       0x004b4214        0x0 /usr/lib/gcc/i686-pc-cygwin/4.8.3/../../../libcygwin.a(d000000.o)
 .idata$5       0x004b4214        0x4 /usr/lib/gcc/i686-pc-cygwin/4.8.3/../../../libcygwin.a(d000024.o)
                0x004b4214                _imp____ctype_ptr__
 .idata$5       0x004b4218        0x4 /usr/lib/gcc/i686-pc-cygwin/4.8.3/../../../libcygwin.a(d000039.o)
                0x004b4218                _imp____errno
 .idata$5       0x004b421c        0x4 /usr/lib/gcc/i686-pc-cygwin/4.8.3/../../../libcygwin.a(d000061.o)
                0x004b421c                _imp____getreent
 .idata$5       0x004b4220        0x4 /usr/lib/gcc/i686-pc-cygwin/4.8.3/../../../libcygwin.a(d000068.o)
                0x004b4220                _imp____main
 .idata$5       0x004b4224        0x4 /usr/lib/gcc/i686-pc-cygwin/4.8.3/../../../libcygwin.a(d000191.o)
                0x004b4224                _imp___dll_crt0@0
 .idata$5       0x004b4228        0x4 /usr/lib/gcc/i686-pc-cygwin/4.8.3/../../../libcygwin.a(d000257.o)
                0x004b4228                _imp___fcntl64
 .idata$5       0x004b422c        0x4 /usr/lib/gcc/i686-pc-cygwin/4.8.3/../../../libcygwin.a(d000284.o)
                0x004b422c                _imp___fopen64
 .idata$5       0x004b4230        0x4 /usr/lib/gcc/i686-pc-cygwin/4.8.3/../../../libcygwin.a(d000376.o)
                0x004b4230                _imp___impure_ptr
 .idata$5       0x004b4234        0x4 /usr/lib/gcc/i686-pc-cygwin/4.8.3/../../../libcygwin.a(d000437.o)
                0x004b4234                _imp___lstat64
 .idata$5       0x004b4238        0x4 /usr/lib/gcc/i686-pc-cygwin/4.8.3/../../../libcygwin.a(d000573.o)
                0x004b4238                _imp___stat64
 .idata$5       0x004b423c        0x4 /usr/lib/gcc/i686-pc-cygwin/4.8.3/../../../libcygwin.a(d000725.o)
                0x004b423c                _imp__atexit
 .idata$5       0x004b4240        0x4 /usr/lib/gcc/i686-pc-cygwin/4.8.3/../../../libcygwin.a(d000728.o)
                0x004b4240                _imp__atoi
 .idata$5       0x004b4244        0x4 /usr/lib/gcc/i686-pc-cygwin/4.8.3/../../../libcygwin.a(d000746.o)
                0x004b4244                _imp__calloc
 .idata$5       0x004b4248        0x4 /usr/lib/gcc/i686-pc-cygwin/4.8.3/../../../libcygwin.a(d000785.o)
                0x004b4248                _imp__clock_gettime
 .idata$5       0x004b424c        0x4 /usr/lib/gcc/i686-pc-cygwin/4.8.3/../../../libcygwin.a(d000791.o)
                0x004b424c                _imp__close
 .idata$5       0x004b4250        0x4 /usr/lib/gcc/i686-pc-cygwin/4.8.3/../../../libcygwin.a(d000792.o)
                0x004b4250                _imp__closedir
 .idata$5       0x004b4254        0x4 /usr/lib/gcc/i686-pc-cygwin/4.8.3/../../../libcygwin.a(d000797.o)
                0x004b4254                _imp__connect
 .idata$5       0x004b4258        0x4 /usr/lib/gcc/i686-pc-cygwin/4.8.3/../../../libcygwin.a(d000848.o)
                0x004b4258                _imp__cygwin_detach_dll
 .idata$5       0x004b425c        0x4 /usr/lib/gcc/i686-pc-cygwin/4.8.3/../../../libcygwin.a(d000850.o)
                0x004b425c                _imp__cygwin_internal
 .idata$5       0x004b4260        0x4 /usr/lib/gcc/i686-pc-cygwin/4.8.3/../../../libcygwin.a(d000871.o)
                0x004b4260                _imp__dll_dllcrt0
 .idata$5       0x004b4264        0x4 /usr/lib/gcc/i686-pc-cygwin/4.8.3/../../../libcygwin.a(d000925.o)
                0x004b4264                _imp__exit
 .idata$5       0x004b4268        0x4 /usr/lib/gcc/i686-pc-cygwin/4.8.3/../../../libcygwin.a(d000943.o)
                0x004b4268                _imp__fclose
 .idata$5       0x004b426c        0x4 /usr/lib/gcc/i686-pc-cygwin/4.8.3/../../../libcygwin.a(d000974.o)
                0x004b426c                _imp__fflush
 .idata$5       0x004b4270        0x4 /usr/lib/gcc/i686-pc-cygwin/4.8.3/../../../libcygwin.a(d000978.o)
                0x004b4270                _imp__fgets
 .idata$5       0x004b4274        0x4 /usr/lib/gcc/i686-pc-cygwin/4.8.3/../../../libcygwin.a(d001006.o)
                0x004b4274                _imp__fprintf
 .idata$5       0x004b4278        0x4 /usr/lib/gcc/i686-pc-cygwin/4.8.3/../../../libcygwin.a(d001012.o)